<html>
<body>
<pre>
<h1>µVision Build Log</h1>
<h2>Project:</h2>
D:\workspace\STM32L-uCOS\STM32L-uCOS.uvproj
Project File Date:  11/12/2012

<h2>Output:</h2>
Build target 'STM32L-uCOS'
assembling startup_stm32l1xx_md.s...
linking...
Program Size: Code=19108 RO-data=628 RW-data=156 ZI-data=7100  
".\Obj\STM32L-uCOS.axf" - 0 Error(s), 0 Warning(s).
Build target 'STM32L-uCOS'
compiling main.c...
User\main.c(18): warning:  #550-D: variable "os_err" was set but never used
linking...
Program Size: Code=19120 RO-data=628 RW-data=156 ZI-data=7100  
".\Obj\STM32L-uCOS.axf" - 0 Error(s), 1 Warning(s).
Build target 'STM32L-uCOS'
assembling startup_stm32l1xx_md.s...
startup_stm32l1xx_md.s(74): error: A1516E: Bad symbol 'OS_CPU_PendSVHandler', not defined or external
startup_stm32l1xx_md.s(176): error: A1145E: Undefined exported symbol 'OS_CPU_PendSVHandler'
Target not created
Build target 'STM32L-uCOS'
assembling startup_stm32l1xx_md.s...
startup_stm32l1xx_md.s(74): error: A1516E: Bad symbol 'PendSVHandler', not defined or external
startup_stm32l1xx_md.s(176): error: A1145E: Undefined exported symbol 'OS_CPU_PendSVHandler'
Target not created
Build target 'STM32L-uCOS'
assembling startup_stm32l1xx_md.s...
linking...
Program Size: Code=19120 RO-data=628 RW-data=156 ZI-data=7100  
".\Obj\STM32L-uCOS.axf" - 0 Error(s), 0 Warning(s).
Load "D:\\workspace\\STM32L-uCOS\\Obj\\STM32L-uCOS.AXF" 
Erase Done.
Programming Done.
Verify OK.
