ARM Linker, 4.1 [Build 894] [Standard]

==============================================================================

Section Cross References

    system_stm32l1xx.o(.text) refers to stm32l1xx_rcc.o(.text) for RCC_AHBPeriphClockCmd
    system_stm32l1xx.o(.text) refers to stm32l1xx_gpio.o(.text) for GPIO_Init
    system_stm32l1xx.o(.text) refers to system_stm32l1xx.o(.data) for MSITable
    stm32l1xx_gpio.o(.text) refers to stm32l1xx_rcc.o(.text) for RCC_AHBPeriphResetCmd
    stm32l1xx_rcc.o(.text) refers to stm32l1xx_rcc.o(.data) for PLLMulTable
    stm32l1xx_pwr.o(.text) refers to stm32l1xx_rcc.o(.text) for RCC_APB1PeriphResetCmd
    stm32l1xx_syscfg.o(.text) refers to stm32l1xx_rcc.o(.text) for RCC_APB2PeriphResetCmd
    stm32l1xx_lcd.o(.text) refers to stm32l1xx_rcc.o(.text) for RCC_APB1PeriphResetCmd
    rtx_config.o(.text) refers to rt_task.o(i.rt_tsk_self) for rt_tsk_self
    rtx_config.o(.text) refers to rt_mutex.o(i.rt_mut_init) for rt_mut_init
    rtx_config.o(.text) refers to rtx_config.o(.bss) for .bss
    rtx_config.o(.text) refers to libspace.o(.bss) for __libspace_start
    rtx_config.o(.text) refers to rtx_config.o(.data) for .data
    rtx_config.o(.text) refers to rt_mutex.o(i.rt_mut_wait) for rt_mut_wait
    rtx_config.o(.text) refers to rt_mutex.o(i.rt_mut_release) for rt_mut_release
    stm32l_discovery_lcd.o(.text) refers to stm32l1xx_lcd.o(.text) for LCD_GetFlagStatus
    stm32l_discovery_lcd.o(.text) refers to stm32l1xx_rcc.o(.text) for RCC_AHBPeriphClockCmd
    stm32l_discovery_lcd.o(.text) refers to stm32l1xx_gpio.o(.text) for GPIO_StructInit
    stm32l_discovery_lcd.o(.text) refers to stm32l_discovery_lcd.o(.data) for t_bar
    stm32l_discovery_lcd.o(.text) refers to stm32l_discovery_lcd.o(.constdata) for NumberMap
    stm32_tsl_api.o(.text) refers to stm32l15x_tsl_ct_acquisition.o(.text) for TSL_IO_Init
    stm32_tsl_api.o(.text) refers to stm32_tsl_timebase.o(.text) for TSL_Timer_Init
    stm32_tsl_api.o(.text) refers to stm32_tsl_multichannelkey.o(.text) for TSL_MCKey_Init
    stm32_tsl_api.o(.text) refers to stm32_tsl_singlechannelkey.o(.text) for TSL_SCKEY_P1_Acquisition
    stm32_tsl_api.o(.text) refers to stm32_tsl_services.o(.text) for TSL_ECS
    stm32_tsl_api.o(.text) refers to stm32_tsl_api.o(.data) for DetectionIntegrator
    stm32_tsl_api.o(.text) refers to stm32_tsl_timebase.o(.data) for TSL_Tick_Flags
    stm32_tsl_multichannelkey.o(.text) refers to stm32_tsl_services.o(.text) for TSL_MCKey_SetStructPointer
    stm32_tsl_multichannelkey.o(.text) refers to stm32_tsl_api.o(.data) for KeyIndex
    stm32_tsl_multichannelkey.o(.text) refers to stm32_tsl_api.o(.bss) for sMCKeyInfo
    stm32_tsl_multichannelkey.o(.text) refers to stm32l15x_tsl_ct_acquisition.o(.constdata) for Table_MCKEY_PORTS
    stm32_tsl_multichannelkey.o(.text) refers to stm32l15x_tsl_ct_acquisition.o(.bss) for sTouchIO
    stm32_tsl_multichannelkey.o(.text) refers to stm32_tsl_multichannelkey.o(.constdata) for MCKEY1_LOOK_TABLE
    stm32_tsl_multichannelkey.o(.text) refers to stm32_tsl_multichannelkey.o(.data) for Channel_address_tab
    stm32_tsl_multichannelkey.o(.text) refers to stm32_tsl_services.o(.constdata) for MCKEY1_DELTA_COEFF
    stm32_tsl_multichannelkey.o(.data) refers to stm32l15x_tsl_ct_acquisition.o(.bss) for Channel_P1
    stm32_tsl_services.o(.text) refers to stm32_tsl_api.o(.data) for KeyIndex
    stm32_tsl_services.o(.text) refers to stm32_tsl_api.o(.bss) for sMCKeyInfo
    stm32_tsl_services.o(.text) refers to stm32_tsl_timebase.o(.data) for TSL_TickCount_ECS_10ms
    stm32_tsl_services.o(.text) refers to stm32l15x_tsl_ct_acquisition.o(.constdata) for Table_MCKEY_PORTS
    stm32_tsl_singlechannelkey.o(.text) refers to stm32_tsl_services.o(.text) for TSL_MCKey_InitAcq
    stm32_tsl_singlechannelkey.o(.text) refers to stm32l15x_tsl_ct_acquisition.o(.text) for TSL_IO_Acquisition_P1
    stm32_tsl_singlechannelkey.o(.text) refers to stm32l15x_tsl_ct_acquisition.o(.bss) for Channel_P1
    stm32_tsl_timebase.o(.text) refers to stm32l1xx_rcc.o(.text) for RCC_GetClocksFreq
    stm32_tsl_timebase.o(.text) refers to stm32_tsl_timebase.o(.data) for TSL_Tick_100ms
    stm32_tsl_timebase.o(.text) refers to stm32_tsl_timebase.o(.bss) for RCC_Clocks
    stm32l15x_tsl_ct_acquisition.o(.text) refers to stm32l15x_tsl_ct_acquisition.o(.bss) for Channel_P1
    main.o(.text) refers to dflt_clz.o(x$fpl$dflt) for __aeabi_i2d
    main.o(.text) refers to sin.o(i.sin) for sin
    main.o(.text) refers to dmul.o(x$fpl$dmul) for __aeabi_dmul
    main.o(.text) refers to dfix.o(x$fpl$dfix) for __aeabi_d2iz
    main.o(.text) refers to stm32l_discovery_lcd.o(.text) for LCD_GLASS_Init
    main.o(.text) refers to stm32l1xx_gpio.o(.text) for GPIO_SetBits
    main.o(.text) refers to function.o(.text) for RCC_Configuration
    main.o(.text) refers to hal_cm3.o(.emb_text) for os_set_env
    main.o(.text) refers to main.o(.data) for stmstudio_var
[...]
    ../../angel/rt.s                         0x00000000   Number         0  rt_errno_addr_twolibspace.o ABSOLUTE
    ../../angel/rt.s                         0x00000000   Number         0  rt_errno_addr_intlibspace.o ABSOLUTE
    ../../angel/rt.s                         0x00000000   Number         0  rt_raise.o ABSOLUTE
    ../../angel/scatter.s                    0x00000000   Number         0  __scatter.o ABSOLUTE
    ../../angel/startup.s                    0x00000000   Number         0  __main.o ABSOLUTE
    ../../angel/sys.s                        0x00000000   Number         0  use_no_semi.o ABSOLUTE
    ../../angel/sys.s                        0x00000000   Number         0  indicate_semi.o ABSOLUTE
    ../../angel/sys.s                        0x00000000   Number         0  libspace.o ABSOLUTE
    ../../angel/sys.s                        0x00000000   Number         0  sys_stackheap_outer.o ABSOLUTE
    ../../angel/sysapp.c                     0x00000000   Number         0  sys_wrch.o ABSOLUTE
    ../../angel/sysapp.c                     0x00000000   Number         0  sys_exit.o ABSOLUTE
    ../../angel/sysapp.c                     0x00000000   Number         0  sys_command.o ABSOLUTE
    ../../armsys.c                           0x00000000   Number         0  no_argv.o ABSOLUTE
    ../../armsys.c                           0x00000000   Number         0  argv_veneer.o ABSOLUTE
    ../../armsys.c                           0x00000000   Number         0  argv_veneer.o ABSOLUTE
    ../../armsys.c                           0x00000000   Number         0  _get_argv_nomalloc.o ABSOLUTE
    ../../cos_i.c                            0x00000000   Number         0  cos_i.o ABSOLUTE
    ../../daddsub.s                          0x00000000   Number         0  daddsub_clz.o ABSOLUTE
    ../../dcheck1.s                          0x00000000   Number         0  dcheck1.o ABSOLUTE
    ../../ddiv.s                             0x00000000   Number         0  ddiv.o ABSOLUTE
    ../../dfix.s                             0x00000000   Number         0  dfix.o ABSOLUTE
    ../../dflt.s                             0x00000000   Number         0  dflt_clz.o ABSOLUTE
    ../../dmul.s                             0x00000000   Number         0  dmul.o ABSOLUTE
    ../../dnaninf.s                          0x00000000   Number         0  dnaninf.o ABSOLUTE
    ../../dretinf.s                          0x00000000   Number         0  dretinf.o ABSOLUTE
    ../../dunder.c                           0x00000000   Number         0  dunder.o ABSOLUTE
    ../../fenv.c                             0x00000000   Number         0  _rserrno.o ABSOLUTE
    ../../fpclassify.c                       0x00000000   Number         0  fpclassify.o ABSOLUTE
    ../../fpinit.s                           0x00000000   Number         0  fpinit.o ABSOLUTE
    ../../heapalloc.c                        0x00000000   Number         0  hrguard.o ABSOLUTE
    ../../heapaux.c                          0x00000000   Number         0  heapauxi.o ABSOLUTE
    ../../libinit.s                          0x00000000   Number         0  libshutdown2.o ABSOLUTE
    ../../libinit.s                          0x00000000   Number         0  libinit2.o ABSOLUTE
    ../../libinit.s                          0x00000000   Number         0  libinit.o ABSOLUTE
    ../../libinit.s                          0x00000000   Number         0  libshutdown.o ABSOLUTE
    ../../poly.c                             0x00000000   Number         0  poly.o ABSOLUTE
    ../../retnan.s                           0x00000000   Number         0  retnan.o ABSOLUTE
    ../../rred.c                             0x00000000   Number         0  rred.o ABSOLUTE
    ../../scalbn.s                           0x00000000   Number         0  scalbn.o ABSOLUTE
    ../../signal.c                           0x00000000   Number         0  defsig_exit.o ABSOLUTE
    ../../signal.c                           0x00000000   Number         0  defsig_rtmem_formal.o ABSOLUTE
    ../../signal.c                           0x00000000   Number         0  defsig_rtmem_outer.o ABSOLUTE
    ../../signal.c                           0x00000000   Number         0  defsig_abrt_inner.o ABSOLUTE
    ../../signal.c                           0x00000000   Number         0  defsig_fpe_inner.o ABSOLUTE
    ../../signal.c                           0x00000000   Number         0  defsig_rtred_inner.o ABSOLUTE
    ../../signal.c                           0x00000000   Number         0  defsig_stak_inner.o ABSOLUTE
    ../../signal.c                           0x00000000   Number         0  __raise.o ABSOLUTE
    ../../signal.c                           0x00000000   Number         0  defsig_other.o ABSOLUTE
    ../../signal.c                           0x00000000   Number         0  defsig_pvfn_inner.o ABSOLUTE
    ../../signal.c                           0x00000000   Number         0  defsig_general.o ABSOLUTE
    ../../signal.c                           0x00000000   Number         0  defsig_cppl_inner.o ABSOLUTE
    ../../signal.c                           0x00000000   Number         0  defsig_segv_inner.o ABSOLUTE
    ../../signal.c                           0x00000000   Number         0  defsig_rtmem_inner.o ABSOLUTE
    ../../signal.s                           0x00000000   Number         0  defsig.o ABSOLUTE
    ../../sin.c                              0x00000000   Number         0  sin_x.o ABSOLUTE
    ../../sin.c                              0x00000000   Number         0  sin.o ABSOLUTE
    ../../sin_i.c                            0x00000000   Number         0  sin_i_x.o ABSOLUTE
    ../../sin_i.c                            0x00000000   Number         0  sin_i.o ABSOLUTE
    ../../stdlib.c                           0x00000000   Number         0  exit.o ABSOLUTE
    ../../trapv.s                            0x00000000   Number         0  trapv.o ABSOLUTE
    ../../usenofp.s                          0x00000000   Number         0  usenofp.o ABSOLUTE
    BSP\system_stm32l1xx.c                   0x00000000   Number         0  system_stm32l1xx.o ABSOLUTE
    FWLib\CMSIS\core_cm3.c                   0x00000000   Number         0  core_cm3.o ABSOLUTE
    FWLib\\CMSIS\\core_cm3.c                 0x00000000   Number         0  core_cm3.o ABSOLUTE
    FWLib\src\misc.c                         0x00000000   Number         0  misc.o ABSOLUTE
    FWLib\src\stm32l1xx_exti.c               0x00000000   Number         0  stm32l1xx_exti.o ABSOLUTE
    FWLib\src\stm32l1xx_gpio.c               0x00000000   Number         0  stm32l1xx_gpio.o ABSOLUTE
    FWLib\src\stm32l1xx_lcd.c                0x00000000   Number         0  stm32l1xx_lcd.o ABSOLUTE
    FWLib\src\stm32l1xx_pwr.c                0x00000000   Number         0  stm32l1xx_pwr.o ABSOLUTE
    FWLib\src\stm32l1xx_rcc.c                0x00000000   Number         0  stm32l1xx_rcc.o ABSOLUTE
    FWLib\src\stm32l1xx_syscfg.c             0x00000000   Number         0  stm32l1xx_syscfg.o ABSOLUTE
    LCD_Driver\stm32l_discovery_lcd.c        0x00000000   Number         0  stm32l_discovery_lcd.o ABSOLUTE
    RTX\RTX_Config.c                         0x00000000   Number         0  rtx_config.o ABSOLUTE
    SRC\CM\HAL_CM3.c                         0x00000000   Number         0  hal_cm3.o ABSOLUTE
    SRC\CM\SVC_Table.s                       0x00000000   Number         0  SVC_Table.o ABSOLUTE
    SRC\CM\rt_Event.c                        0x00000000   Number         0  rt_event.o ABSOLUTE
    SRC\CM\rt_List.c                         0x00000000   Number         0  rt_list.o ABSOLUTE
    SRC\CM\rt_Mailbox.c                      0x00000000   Number         0  rt_mailbox.o ABSOLUTE
    SRC\CM\rt_MemBox.c                       0x00000000   Number         0  rt_membox.o ABSOLUTE
    SRC\CM\rt_Mutex.c                        0x00000000   Number         0  rt_mutex.o ABSOLUTE
    SRC\CM\rt_Robin.c                        0x00000000   Number         0  rt_robin.o ABSOLUTE
    SRC\CM\rt_Semaphore.c                    0x00000000   Number         0  rt_semaphore.o ABSOLUTE
    SRC\CM\rt_System.c                       0x00000000   Number         0  rt_system.o ABSOLUTE
    SRC\CM\rt_Task.c                         0x00000000   Number         0  rt_task.o ABSOLUTE
    SRC\CM\rt_Time.c                         0x00000000   Number         0  rt_time.o ABSOLUTE
    SRC\CM\rt_Timer.c                        0x00000000   Number         0  rt_timer.o ABSOLUTE
    SRC\\CM\\HAL_CM3.c                       0x00000000   Number         0  hal_cm3.o ABSOLUTE
    SRC\\CM\\rt_System.c                     0x00000000   Number         0  rt_system.o ABSOLUTE
    TouchSensing_Driver\src\stm32_tsl_api.c  0x00000000   Number         0  stm32_tsl_api.o ABSOLUTE
    TouchSensing_Driver\src\stm32_tsl_multichannelkey.c 0x00000000   Number         0  stm32_tsl_multichannelkey.o ABSOLUTE
    TouchSensing_Driver\src\stm32_tsl_services.c 0x00000000   Number         0  stm32_tsl_services.o ABSOLUTE
    TouchSensing_Driver\src\stm32_tsl_singlechannelkey.c 0x00000000   Number         0  stm32_tsl_singlechannelkey.o ABSOLUTE
    TouchSensing_Driver\src\stm32_tsl_timebase.c 0x00000000   Number         0  stm32_tsl_timebase.o ABSOLUTE
    TouchSensing_Driver\src\stm32l15x_tsl_ct_acquisition.c 0x00000000   Number         0  stm32l15x_tsl_ct_acquisition.o ABSOLUTE
    User\function.c                          0x00000000   Number         0  function.o ABSOLUTE
    User\main.c                              0x00000000   Number         0  main.o ABSOLUTE
    dc.s                                     0x00000000   Number         0  dc.o ABSOLUTE
    startup_stm32l1xx_md.s                   0x00000000   Number         0  startup_stm32l1xx_md.o ABSOLUTE
    RESET                                    0x08000000   Section      244  startup_stm32l1xx_md.o(RESET)
    !!!main                                  0x080000f4   Section        8  __main.o(!!!main)
    !!!scatter                               0x080000fc   Section       52  __scatter.o(!!!scatter)
    !!handler_copy                           0x08000130   Section       26  __scatter_copy.o(!!handler_copy)
    !!handler_zi                             0x0800014c   Section       28  __scatter_zi.o(!!handler_zi)
    .ARM.Collect$$libinit$$00000000          0x08000168   Section        6  libinit.o(.ARM.Collect$$libinit$$00000000)
    .ARM.Collect$$libinit$$00000006          0x0800016e   Section        0  libinit2.o(.ARM.Collect$$libinit$$00000006)
    .ARM.Collect$$libinit$$00000008          0x0800016e   Section        0  libinit2.o(.ARM.Collect$$libinit$$00000008)
    .ARM.Collect$$libinit$$0000000A          0x0800016e   Section        0  libinit2.o(.ARM.Collect$$libinit$$0000000A)
    .ARM.Collect$$libinit$$0000000D          0x0800016e   Section        0  libinit2.o(.ARM.Collect$$libinit$$0000000D)
    .ARM.Collect$$libinit$$0000000F          0x0800016e   Section        0  libinit2.o(.ARM.Collect$$libinit$$0000000F)
    .ARM.Collect$$libinit$$00000011          0x0800016e   Section        0  libinit2.o(.ARM.Collect$$libinit$$00000011)
    .ARM.Collect$$libinit$$00000013          0x0800016e   Section        0  libinit2.o(.ARM.Collect$$libinit$$00000013)
    .ARM.Collect$$libinit$$00000015          0x0800016e   Section        0  libinit2.o(.ARM.Collect$$libinit$$00000015)
    .ARM.Collect$$libinit$$00000017          0x0800016e   Section        0  libinit2.o(.ARM.Collect$$libinit$$00000017)
    .ARM.Collect$$libinit$$00000019          0x0800016e   Section        0  libinit2.o(.ARM.Collect$$libinit$$00000019)
    .ARM.Collect$$libinit$$0000001B          0x0800016e   Section        0  libinit2.o(.ARM.Collect$$libinit$$0000001B)
    .ARM.Collect$$libinit$$0000001D          0x0800016e   Section        0  libinit2.o(.ARM.Collect$$libinit$$0000001D)
    .ARM.Collect$$libinit$$0000001F          0x0800016e   Section        0  libinit2.o(.ARM.Collect$$libinit$$0000001F)
    .ARM.Collect$$libinit$$00000021          0x0800016e   Section        0  libinit2.o(.ARM.Collect$$libinit$$00000021)
    .ARM.Collect$$libinit$$00000028          0x0800016e   Section        0  libinit2.o(.ARM.Collect$$libinit$$00000028)
    .ARM.Collect$$libinit$$0000002A          0x0800016e   Section        0  libinit2.o(.ARM.Collect$$libinit$$0000002A)
    .ARM.Collect$$libinit$$0000002C          0x0800016e   Section        0  libinit2.o(.ARM.Collect$$libinit$$0000002C)
    .ARM.Collect$$libinit$$0000002E          0x0800016e   Section        0  libinit2.o(.ARM.Collect$$libinit$$0000002E)
    .ARM.Collect$$libinit$$0000002F          0x0800016e   Section        2  libinit2.o(.ARM.Collect$$libinit$$0000002F)
    .ARM.Collect$$libshutdown$$00000000      0x08000170   Section        2  libshutdown.o(.ARM.Collect$$libshutdown$$00000000)
    .ARM.Collect$$libshutdown$$00000003      0x08000172   Section        0  libshutdown2.o(.ARM.Collect$$libshutdown$$00000003)
    .ARM.Collect$$libshutdown$$00000006      0x08000172   Section        0  libshutdown2.o(.ARM.Collect$$libshutdown$$00000006)
    .ARM.Collect$$libshutdown$$00000009      0x08000172   Section        0  libshutdown2.o(.ARM.Collect$$libshutdown$$00000009)
    .ARM.Collect$$libshutdown$$0000000B      0x08000172   Section        0  libshutdown2.o(.ARM.Collect$$libshutdown$$0000000B)
    .ARM.Collect$$libshutdown$$0000000E      0x08000172   Section        0  libshutdown2.o(.ARM.Collect$$libshutdown$$0000000E)
    .ARM.Collect$$libshutdown$$0000000F      0x08000172   Section        2  libshutdown2.o(.ARM.Collect$$libshutdown$$0000000F)
    .ARM.Collect$$rtentry$$00000000          0x08000174   Section        0  rtentry.o(.ARM.Collect$$rtentry$$00000000)
    .ARM.Collect$$rtentry$$00000002          0x08000174   Section        0  rtentry2.o(.ARM.Collect$$rtentry$$00000002)
    .ARM.Collect$$rtentry$$00000004          0x08000174   Section        6  rtentry4.o(.ARM.Collect$$rtentry$$00000004)
    .ARM.Collect$$rtentry$$00000009          0x0800017a   Section        0  rtentry2.o(.ARM.Collect$$rtentry$$00000009)
    .ARM.Collect$$rtentry$$0000000A          0x0800017a   Section        4  rtentry2.o(.ARM.Collect$$rtentry$$0000000A)
    .ARM.Collect$$rtentry$$0000000C          0x0800017e   Section        0  rtentry2.o(.ARM.Collect$$rtentry$$0000000C)
    .ARM.Collect$$rtentry$$0000000D          0x0800017e   Section        8  rtentry2.o(.ARM.Collect$$rtentry$$0000000D)
    .ARM.Collect$$rtexit$$00000000           0x08000186   Section        2  rtexit.o(.ARM.Collect$$rtexit$$00000000)
    .ARM.Collect$$rtexit$$00000002           0x08000188   Section        0  rtexit2.o(.ARM.Collect$$rtexit$$00000002)
    .ARM.Collect$$rtexit$$00000003           0x08000188   Section        4  rtexit2.o(.ARM.Collect$$rtexit$$00000003)
    .ARM.Collect$$rtexit$$00000004           0x0800018c   Section        6  rtexit2.o(.ARM.Collect$$rtexit$$00000004)
    .emb_text                                0x08000194   Section      340  hal_cm3.o(.emb_text)
    .text                                    0x080002e8   Section        0  system_stm32l1xx.o(.text)
    SetSysClockToHSI                         0x080002e9   Thumb Code   184  system_stm32l1xx.o(.text)
    SetSysClock                              0x080003a1   Thumb Code     8  system_stm32l1xx.o(.text)
    .text                                    0x08000554   Section        0  misc.o(.text)
    .text                                    0x08000630   Section        0  stm32l1xx_gpio.o(.text)
    .text                                    0x0800081c   Section        0  stm32l1xx_rcc.o(.text)
    .text                                    0x08000c9c   Section        0  stm32l1xx_pwr.o(.text)
    .text                                    0x08000dec   Section        0  stm32l1xx_exti.o(.text)
    .text                                    0x08000f08   Section        0  stm32l1xx_syscfg.o(.text)
    .text                                    0x08001170   Section        0  stm32l1xx_lcd.o(.text)
    .text                                    0x08001308   Section        0  rtx_config.o(.text)
    __tagsym$$used                           0x08001353   Number         0  rtx_config.o(.text)
    __tagsym$$used                           0x0800136d   Number         0  rtx_config.o(.text)
    .text                                    0x0800139c   Section        0  stm32l_discovery_lcd.o(.text)
    LCD_Conv_Char_Seg                        0x08001629   Thumb Code   292  stm32l_discovery_lcd.o(.text)
    .text                                    0x08001df8   Section        0  main.o(.text)
    .text                                    0x08001f58   Section        0  function.o(.text)
    .text                                    0x080021f8   Section       64  startup_stm32l1xx_md.o(.text)
    .text                                    0x08002238   Section        8  libspace.o(.text)
    .text                                    0x08002240   Section        0  heapauxi.o(.text)
    .text                                    0x08002246   Section        0  _rserrno.o(.text)
    .text                                    0x0800225c   Section        4  rt_errno_addr_twolibspace.o(.text)
    .text                                    0x08002260   Section       74  sys_stackheap_outer.o(.text)
    .text                                    0x080022aa   Section        0  exit.o(.text)
    .text                                    0x080022b6   Section       10  rt_fp_status_addr_twolibspace.o(.text)
    .text                                    0x080022c0   Section        0  sys_exit.o(.text)
    .text                                    0x080022cc   Section        2  use_no_semi.o(.text)
    .text                                    0x080022ce   Section        0  indicate_semi.o(.text)
    SVC_TABLE                                0x080022d0   Section        4  SVC_Table.o(SVC_TABLE)
    i.__ARM_fpclassify                       0x080022d4   Section        0  fpclassify.o(i.__ARM_fpclassify)
    i.__ieee754_rem_pio2                     0x080022fc   Section        0  rred.o(i.__ieee754_rem_pio2)
    i.__kernel_cos                           0x08002680   Section        0  cos_i.o(i.__kernel_cos)
    i.__kernel_poly                          0x0800277c   Section        0  poly.o(i.__kernel_poly)
    i.__kernel_sin                           0x08002828   Section        0  sin_i.o(i.__kernel_sin)
    i.__mathlib_dbl_underflow                0x08002914   Section        0  dunder.o(i.__mathlib_dbl_underflow)
    i._init_box                              0x08002924   Section        0  rt_membox.o(i._init_box)
    i.dbg_init                               0x0800296c   Section        0  hal_cm3.o(i.dbg_init)
    i.dbg_task_notify                        0x0800299c   Section        0  hal_cm3.o(i.dbg_task_notify)
    i.dbg_task_switch                        0x080029bc   Section        0  hal_cm3.o(i.dbg_task_switch)
    i.os_tick_init                           0x080029cc   Section        0  rt_system.o(i.os_tick_init)
    i.os_tick_irqack                         0x080029f4   Section        0  rt_system.o(i.os_tick_irqack)
    i.rt_alloc_box                           0x080029f8   Section        0  rt_membox.o(i.rt_alloc_box)
    i.rt_block                               0x08002a14   Section        0  rt_task.o(i.rt_block)
    i.rt_chk_robin                           0x08002a4c   Section        0  rt_robin.o(i.rt_chk_robin)
    i.rt_dec_dly                             0x08002a94   Section        0  rt_list.o(i.rt_dec_dly)
    i.rt_dispatch                            0x08002b08   Section        0  rt_task.o(i.rt_dispatch)
    i.rt_dly_wait                            0x08002b4c   Section        0  rt_time.o(i.rt_dly_wait)
    i.rt_evt_psh                             0x08002b54   Section        0  rt_event.o(i.rt_evt_psh)
    i.rt_free_box                            0x08002ba0   Section        0  rt_membox.o(i.rt_free_box)
    i.rt_get_first                           0x08002bc0   Section        0  rt_list.o(i.rt_get_first)
    i.rt_init_context                        0x08002be8   Section        0  rt_task.o(i.rt_init_context)
    rt_init_context                          0x08002be9   Thumb Code    64  rt_task.o(i.rt_init_context)
    i.rt_init_robin                          0x08002c2c   Section        0  rt_robin.o(i.rt_init_robin)
    i.rt_init_stack                          0x08002c44   Section        0  hal_cm3.o(i.rt_init_stack)
    i.rt_itv_set                             0x08002c94   Section        0  rt_time.o(i.rt_itv_set)
    i.rt_itv_wait                            0x08002cac   Section        0  rt_time.o(i.rt_itv_wait)
    i.rt_mbx_psh                             0x08002cd8   Section        0  rt_mailbox.o(i.rt_mbx_psh)
    i.rt_mut_init                            0x08002d98   Section        0  rt_mutex.o(i.rt_mut_init)
    i.rt_mut_release                         0x08002da8   Section        0  rt_mutex.o(i.rt_mut_release)
    i.rt_mut_wait                            0x08002e54   Section        0  rt_mutex.o(i.rt_mut_wait)
    i.rt_pop_req                             0x08002eb8   Section        0  rt_system.o(i.rt_pop_req)
    i.rt_put_dly                             0x08002f30   Section        0  rt_list.o(i.rt_put_dly)
    i.rt_put_prio                            0x08002f78   Section        0  rt_list.o(i.rt_put_prio)
    i.rt_put_rdy_first                       0x08002fb0   Section        0  rt_list.o(i.rt_put_rdy_first)
    i.rt_resort_prio                         0x08002fc4   Section        0  rt_list.o(i.rt_resort_prio)
    i.rt_rmv_dly                             0x08002ff8   Section        0  rt_list.o(i.rt_rmv_dly)
    i.rt_rmv_list                            0x08003020   Section        0  rt_list.o(i.rt_rmv_list)
    i.rt_sem_psh                             0x08003050   Section        0  rt_semaphore.o(i.rt_sem_psh)
    i.rt_stk_check                           0x08003084   Section        0  rt_system.o(i.rt_stk_check)
    i.rt_switch_req                          0x080030a8   Section        0  rt_task.o(i.rt_switch_req)
    i.rt_sys_init                            0x080030d0   Section        0  rt_task.o(i.rt_sys_init)
    i.rt_systick                             0x08003228   Section        0  rt_system.o(i.rt_systick)
    i.rt_tmr_tick                            0x08003264   Section        0  rt_timer.o(i.rt_tmr_tick)
    i.rt_tsk_create                          0x080032a4   Section        0  rt_task.o(i.rt_tsk_create)
    i.rt_tsk_delete                          0x08003334   Section        0  rt_task.o(i.rt_tsk_delete)
    i.rt_tsk_self                            0x080033f0   Section        0  rt_task.o(i.rt_tsk_self)
    i.sin                                    0x08003400   Section        0  sin.o(i.sin)
    x$fpl$dadd                               0x080034b0   Section      336  daddsub_clz.o(x$fpl$dadd)
    _dadd1                                   0x080034c1   Thumb Code     0  daddsub_clz.o(x$fpl$dadd)
    x$fpl$dcheck1                            0x08003600   Section       16  dcheck1.o(x$fpl$dcheck1)
    x$fpl$ddiv                               0x08003610   Section      688  ddiv.o(x$fpl$ddiv)
    ddiv_entry                               0x08003617   Thumb Code     0  ddiv.o(x$fpl$ddiv)
    x$fpl$dfix                               0x080038c0   Section       94  dfix.o(x$fpl$dfix)
    x$fpl$dflt                               0x0800391e   Section       46  dflt_clz.o(x$fpl$dflt)
    x$fpl$dfltu                              0x0800394c   Section       38  dflt_clz.o(x$fpl$dfltu)
    x$fpl$dmul                               0x08003974   Section      340  dmul.o(x$fpl$dmul)
    x$fpl$dnaninf                            0x08003ac8   Section      156  dnaninf.o(x$fpl$dnaninf)
    x$fpl$dretinf                            0x08003b64   Section       12  dretinf.o(x$fpl$dretinf)
    x$fpl$drsb                               0x08003b70   Section       22  daddsub_clz.o(x$fpl$drsb)
    x$fpl$dsub                               0x08003b88   Section      468  daddsub_clz.o(x$fpl$dsub)
    _dsub1                                   0x08003b99   Thumb Code     0  daddsub_clz.o(x$fpl$dsub)
    x$fpl$fpinit                             0x08003d5c   Section       14  fpinit.o(x$fpl$fpinit)
    x$fpl$retnan                             0x08003d6a   Section      100  retnan.o(x$fpl$retnan)
    x$fpl$scalbn                             0x08003dce   Section       92  scalbn.o(x$fpl$scalbn)
    x$fpl$trapveneer                         0x08003e2a   Section       48  trapv.o(x$fpl$trapveneer)
    x$fpl$usenofp                            0x08003e5a   Section        0  usenofp.o(x$fpl$usenofp)
    .constdata                               0x08003e5c   Section       40  rtx_config.o(.constdata)
    __tagsym$$used                           0x08003e70   Number         0  rtx_config.o(.constdata)
    __tagsym$$used                           0x08003e74   Number         0  rtx_config.o(.constdata)
    .constdata                               0x08003e84   Section       72  stm32l_discovery_lcd.o(.constdata)
    .constdata                               0x08003ed0   Section       48  cos_i.o(.constdata)
    C                                        0x08003ed0   Data          48  cos_i.o(.constdata)
    .constdata                               0x08003f00   Section      200  rred.o(.constdata)
    pio2s                                    0x08003f00   Data          48  rred.o(.constdata)
    twooverpi                                0x08003f30   Data         152  rred.o(.constdata)
    .constdata                               0x08003fc8   Section       40  sin_i.o(.constdata)
    S                                        0x08003fc8   Data          40  sin_i.o(.constdata)
    .data                                    0x20000000   Section       36  system_stm32l1xx.o(.data)
    .data                                    0x20000024   Section       25  stm32l1xx_rcc.o(.data)
    PLLMulTable                              0x20000024   Data           9  stm32l1xx_rcc.o(.data)
    APBAHBPrescTable                         0x2000002d   Data          16  stm32l1xx_rcc.o(.data)
    .data                                    0x20000040   Section        8  rtx_config.o(.data)
    nr_mutex                                 0x20000044   Data           4  rtx_config.o(.data)
    .data                                    0x20000048   Section        3  stm32l_discovery_lcd.o(.data)
    .data                                    0x2000004c   Section       24  main.o(.data)
    stmstudio_var                            0x2000005c   Data           4  main.o(.data)
    result                                   0x20000060   Data           4  main.o(.data)
    .data                                    0x20000064   Section        8  rt_task.o(.data)
    .data                                    0x2000006c   Section        4  rt_time.o(.data)
    .data                                    0x20000070   Section        1  hal_cm3.o(.data)
    .data                                    0x20000074   Section        8  rt_system.o(.data)
    os_lock                                  0x20000074   Data           1  rt_system.o(.data)
    os_psh_flag                              0x20000075   Data           1  rt_system.o(.data)
    pend_flags                               0x20000076   Data           1  rt_system.o(.data)
    .data                                    0x2000007c   Section        8  rt_robin.o(.data)
    .data                                    0x20000084   Section        8  rt_timer.o(.data)
    .bss                                     0x20000090   Section     4732  rtx_config.o(.bss)
    std_libspace                             0x2000106c   Data         576  rtx_config.o(.bss)
    std_libmutex                             0x200012ac   Data          96  rtx_config.o(.bss)
    .bss                                     0x2000130c   Section       48  rt_task.o(.bss)
    .bss                                     0x2000133c   Section       48  rt_list.o(.bss)
    .bss                                     0x2000136c   Section       96  libspace.o(.bss)
    HEAP                                     0x200013d0   Section      512  startup_stm32l1xx_md.o(HEAP)
    Heap_Mem                                 0x200013d0   Data         512  startup_stm32l1xx_md.o(HEAP)
    STACK                                    0x200015d0   Section     1024  startup_stm32l1xx_md.o(STACK)
    Stack_Mem                                0x200015d0   Data        1024  startup_stm32l1xx_md.o(STACK)
    __initial_sp                             0x200019d0   Data           0  startup_stm32l1xx_md.o(STACK)

    Global Symbols

    Symbol Name                              Value     Ov Type        Size  Object(Section)

    BuildAttributes$$THM_ISAv4$P$D$K$B$S$PE$A:L22UL41UL21$X:L11$S22US41US21$IEEE1$IW$USESV6$~STKCKD$USESV7$~SHL$OTIME$ROPI$IEEEX$EBA8$UX$STANDARDLIB$REQ8$PRES8$EABIv2 0x00000000   Number         0  anon$$obj.o ABSOLUTE
    __ARM_use_no_argv                        0x00000000   Number         0  main.o ABSOLUTE
    __ARM_exceptions_init                     - Undefined Weak Reference
    __alloca_initialize                       - Undefined Weak Reference
    __cpp_initialize__aeabi_                  - Undefined Weak Reference
    __cxa_finalize                            - Undefined Weak Reference
    __rt_locale                               - Undefined Weak Reference
    __sigvec_lookup                           - Undefined Weak Reference
    _atexit_init                              - Undefined Weak Reference
    _call_atexit_fns                          - Undefined Weak Reference
    _clock_init                               - Undefined Weak Reference
    _fp_trap_init                             - Undefined Weak Reference
    _fp_trap_shutdown                         - Undefined Weak Reference
    _get_lc_collate                           - Undefined Weak Reference
    _get_lc_ctype                             - Undefined Weak Reference
    _get_lc_monetary                          - Undefined Weak Reference
    _get_lc_numeric                           - Undefined Weak Reference
    _get_lc_time                              - Undefined Weak Reference
    _getenv_init                              - Undefined Weak Reference
    _handle_redirection                       - Undefined Weak Reference
    _init_alloc                               - Undefined Weak Reference
    _init_user_alloc                          - Undefined Weak Reference
    _initio                                   - Undefined Weak Reference
    _rand_init                                - Undefined Weak Reference
    _signal_finish                            - Undefined Weak Reference
    _signal_init                              - Undefined Weak Reference
    _terminate_alloc                          - Undefined Weak Reference
    _terminate_user_alloc                     - Undefined Weak Reference
    _terminateio                              - Undefined Weak Reference
    __Vectors_Size                           0x000000f4   Number         0  startup_stm32l1xx_md.o ABSOLUTE
    __RL_RTX_VER                             0x00000453   Number         0  rt_system.o ABSOLUTE
    __Vectors                                0x08000000   Data           4  startup_stm32l1xx_md.o(RESET)
    __Vectors_End                            0x080000f4   Data           0  startup_stm32l1xx_md.o(RESET)
    __main                                   0x080000f5   Thumb Code     8  __main.o(!!!main)
    __scatterload                            0x080000fd   Thumb Code     0  __scatter.o(!!!scatter)
    __scatterload_rt2                        0x080000fd   Thumb Code    44  __scatter.o(!!!scatter)
    __scatterload_rt2_thumb_only             0x080000fd   Thumb Code     0  __scatter.o(!!!scatter)
    __scatterload_null                       0x0800010b   Thumb Code     0  __scatter.o(!!!scatter)
    __scatterload_copy                       0x08000131   Thumb Code    26  __scatter_copy.o(!!handler_copy)
    __scatterload_zeroinit                   0x0800014d   Thumb Code    28  __scatter_zi.o(!!handler_zi)
    __rt_lib_init                            0x08000169   Thumb Code     0  libinit.o(.ARM.Collect$$libinit$$00000000)
    __rt_lib_init_alloca_1                   0x0800016f   Thumb Code     0  libinit2.o(.ARM.Collect$$libinit$$0000002A)
    __rt_lib_init_argv_1                     0x0800016f   Thumb Code     0  libinit2.o(.ARM.Collect$$libinit$$00000028)
    __rt_lib_init_atexit_1                   0x0800016f   Thumb Code     0  libinit2.o(.ARM.Collect$$libinit$$00000017)
    __rt_lib_init_clock_1                    0x0800016f   Thumb Code     0  libinit2.o(.ARM.Collect$$libinit$$0000001D)
    __rt_lib_init_cpp_1                      0x0800016f   Thumb Code     0  libinit2.o(.ARM.Collect$$libinit$$0000002E)
    __rt_lib_init_exceptions_1               0x0800016f   Thumb Code     0  libinit2.o(.ARM.Collect$$libinit$$0000002C)
    __rt_lib_init_fp_trap_1                  0x0800016f   Thumb Code     0  libinit2.o(.ARM.Collect$$libinit$$0000001B)
    __rt_lib_init_getenv_1                   0x0800016f   Thumb Code     0  libinit2.o(.ARM.Collect$$libinit$$0000001F)
    __rt_lib_init_heap_1                     0x0800016f   Thumb Code     0  libinit2.o(.ARM.Collect$$libinit$$00000006)
    __rt_lib_init_lc_collate_1               0x0800016f   Thumb Code     0  libinit2.o(.ARM.Collect$$libinit$$0000000D)
    __rt_lib_init_lc_ctype_1                 0x0800016f   Thumb Code     0  libinit2.o(.ARM.Collect$$libinit$$0000000F)
    __rt_lib_init_lc_monetary_1              0x0800016f   Thumb Code     0  libinit2.o(.ARM.Collect$$libinit$$00000011)
    __rt_lib_init_lc_numeric_1               0x0800016f   Thumb Code     0  libinit2.o(.ARM.Collect$$libinit$$00000013)
    __rt_lib_init_lc_time_1                  0x0800016f   Thumb Code     0  libinit2.o(.ARM.Collect$$libinit$$00000015)
    __rt_lib_init_rand_1                     0x0800016f   Thumb Code     0  libinit2.o(.ARM.Collect$$libinit$$0000000A)
    __rt_lib_init_return                     0x0800016f   Thumb Code     0  libinit2.o(.ARM.Collect$$libinit$$0000002F)
    __rt_lib_init_signal_1                   0x0800016f   Thumb Code     0  libinit2.o(.ARM.Collect$$libinit$$00000019)
    __rt_lib_init_stdio_1                    0x0800016f   Thumb Code     0  libinit2.o(.ARM.Collect$$libinit$$00000021)
    __rt_lib_init_user_alloc_1               0x0800016f   Thumb Code     0  libinit2.o(.ARM.Collect$$libinit$$00000008)
    __rt_lib_shutdown                        0x08000171   Thumb Code     0  libshutdown.o(.ARM.Collect$$libshutdown$$00000000)
    __rt_lib_shutdown_fp_trap_1              0x08000173   Thumb Code     0  libshutdown2.o(.ARM.Collect$$libshutdown$$00000006)
    __rt_lib_shutdown_heap_1                 0x08000173   Thumb Code     0  libshutdown2.o(.ARM.Collect$$libshutdown$$0000000E)
    __rt_lib_shutdown_return                 0x08000173   Thumb Code     0  libshutdown2.o(.ARM.Collect$$libshutdown$$0000000F)
    __rt_lib_shutdown_signal_1               0x08000173   Thumb Code     0  libshutdown2.o(.ARM.Collect$$libshutdown$$00000009)
    __rt_lib_shutdown_stdio_1                0x08000173   Thumb Code     0  libshutdown2.o(.ARM.Collect$$libshutdown$$00000003)
    __rt_lib_shutdown_user_alloc_1           0x08000173   Thumb Code     0  libshutdown2.o(.ARM.Collect$$libshutdown$$0000000B)
    __rt_entry                               0x08000175   Thumb Code     0  rtentry.o(.ARM.Collect$$rtentry$$00000000)
    __rt_entry_presh_1                       0x08000175   Thumb Code     0  rtentry2.o(.ARM.Collect$$rtentry$$00000002)
    __rt_entry_sh                            0x08000175   Thumb Code     0  rtentry4.o(.ARM.Collect$$rtentry$$00000004)
    __rt_entry_li                            0x0800017b   Thumb Code     0  rtentry2.o(.ARM.Collect$$rtentry$$0000000A)
    __rt_entry_postsh_1                      0x0800017b   Thumb Code     0  rtentry2.o(.ARM.Collect$$rtentry$$00000009)
    __rt_entry_main                          0x0800017f   Thumb Code     0  rtentry2.o(.ARM.Collect$$rtentry$$0000000D)
    __rt_entry_postli_1                      0x0800017f   Thumb Code     0  rtentry2.o(.ARM.Collect$$rtentry$$0000000C)
    __rt_exit                                0x08000187   Thumb Code     0  rtexit.o(.ARM.Collect$$rtexit$$00000000)
    __rt_exit_ls                             0x08000189   Thumb Code     0  rtexit2.o(.ARM.Collect$$rtexit$$00000003)
    __rt_exit_prels_1                        0x08000189   Thumb Code     0  rtexit2.o(.ARM.Collect$$rtexit$$00000002)
    __rt_exit_exit                           0x0800018d   Thumb Code     0  rtexit2.o(.ARM.Collect$$rtexit$$00000004)
    rt_set_PSP                               0x08000195   Thumb Code     6  hal_cm3.o(.emb_text)
    rt_get_PSP                               0x0800019b   Thumb Code     6  hal_cm3.o(.emb_text)
    os_set_env                               0x080001a1   Thumb Code    24  hal_cm3.o(.emb_text)
    _alloc_box                               0x080001bd   Thumb Code    28  hal_cm3.o(.emb_text)
    _free_box                                0x080001dd   Thumb Code    28  hal_cm3.o(.emb_text)
    SVC_Handler                              0x080001fd   Thumb Code   124  hal_cm3.o(.emb_text)
    PendSV_Handler                           0x08000285   Thumb Code    76  hal_cm3.o(.emb_text)
    SysTick_Handler                          0x080002d5   Thumb Code     8  hal_cm3.o(.emb_text)
    OS_Tick_Handler                          0x080002dd   Thumb Code    12  hal_cm3.o(.emb_text)
    SystemInit                               0x080003a9   Thumb Code   158  system_stm32l1xx.o(.text)
    SystemCoreClockUpdate                    0x08000447   Thumb Code   220  system_stm32l1xx.o(.text)
    NVIC_PriorityGroupConfig                 0x08000555   Thumb Code    10  misc.o(.text)
    NVIC_Init                                0x0800055f   Thumb Code   102  misc.o(.text)
    NVIC_SetVectorTable                      0x080005c5   Thumb Code    14  misc.o(.text)
    NVIC_SystemLPConfig                      0x080005d3   Thumb Code    34  misc.o(.text)
    SysTick_CLKSourceConfig                  0x080005f5   Thumb Code    40  misc.o(.text)
    GPIO_DeInit                              0x08000631   Thumb Code   148  stm32l1xx_gpio.o(.text)
    GPIO_Init                                0x080006c5   Thumb Code   144  stm32l1xx_gpio.o(.text)
    GPIO_StructInit                          0x08000755   Thumb Code    18  stm32l1xx_gpio.o(.text)
    GPIO_PinLockConfig                       0x08000767   Thumb Code    18  stm32l1xx_gpio.o(.text)
    GPIO_ReadInputDataBit                    0x08000779   Thumb Code    18  stm32l1xx_gpio.o(.text)
    GPIO_ReadInputData                       0x0800078b   Thumb Code     6  stm32l1xx_gpio.o(.text)
    GPIO_ReadOutputDataBit                   0x08000791   Thumb Code    18  stm32l1xx_gpio.o(.text)
    GPIO_ReadOutputData                      0x080007a3   Thumb Code     6  stm32l1xx_gpio.o(.text)
    GPIO_SetBits                             0x080007a9   Thumb Code     4  stm32l1xx_gpio.o(.text)
    GPIO_ResetBits                           0x080007ad   Thumb Code     4  stm32l1xx_gpio.o(.text)
    GPIO_WriteBit                            0x080007b1   Thumb Code    10  stm32l1xx_gpio.o(.text)
    GPIO_Write                               0x080007bb   Thumb Code     4  stm32l1xx_gpio.o(.text)
    GPIO_PinAFConfig                         0x080007bf   Thumb Code    70  stm32l1xx_gpio.o(.text)
    RCC_DeInit                               0x0800081d   Thumb Code    74  stm32l1xx_rcc.o(.text)
    RCC_HSEConfig                            0x08000867   Thumb Code    14  stm32l1xx_rcc.o(.text)
    RCC_GetFlagStatus                        0x08000875   Thumb Code    48  stm32l1xx_rcc.o(.text)
    RCC_WaitForHSEStartUp                    0x080008a5   Thumb Code    48  stm32l1xx_rcc.o(.text)
    RCC_AdjustMSICalibrationValue            0x080008d5   Thumb Code     8  stm32l1xx_rcc.o(.text)
    RCC_MSIRangeConfig                       0x080008dd   Thumb Code    20  stm32l1xx_rcc.o(.text)
    RCC_MSICmd                               0x080008f1   Thumb Code     6  stm32l1xx_rcc.o(.text)
    RCC_AdjustHSICalibrationValue            0x080008f7   Thumb Code    22  stm32l1xx_rcc.o(.text)
    RCC_HSICmd                               0x0800090d   Thumb Code     6  stm32l1xx_rcc.o(.text)
    RCC_LSEConfig                            0x08000913   Thumb Code    14  stm32l1xx_rcc.o(.text)
    RCC_LSICmd                               0x08000921   Thumb Code     6  stm32l1xx_rcc.o(.text)
    RCC_PLLConfig                            0x08000927   Thumb Code    16  stm32l1xx_rcc.o(.text)
    RCC_PLLCmd                               0x08000937   Thumb Code     6  stm32l1xx_rcc.o(.text)
    RCC_ClockSecuritySystemCmd               0x0800093d   Thumb Code     6  stm32l1xx_rcc.o(.text)
    RCC_MCOConfig                            0x08000943   Thumb Code    12  stm32l1xx_rcc.o(.text)
    RCC_SYSCLKConfig                         0x0800094f   Thumb Code    20  stm32l1xx_rcc.o(.text)
    RCC_GetSYSCLKSource                      0x08000963   Thumb Code    12  stm32l1xx_rcc.o(.text)
    RCC_HCLKConfig                           0x0800096f   Thumb Code    20  stm32l1xx_rcc.o(.text)
    RCC_PCLK1Config                          0x08000983   Thumb Code    20  stm32l1xx_rcc.o(.text)
    RCC_PCLK2Config                          0x08000997   Thumb Code    22  stm32l1xx_rcc.o(.text)
    RCC_GetClocksFreq                        0x080009ad   Thumb Code   248  stm32l1xx_rcc.o(.text)
    RCC_RTCCLKConfig                         0x08000aa5   Thumb Code    64  stm32l1xx_rcc.o(.text)
    RCC_RTCCLKCmd                            0x08000ae5   Thumb Code     8  stm32l1xx_rcc.o(.text)
    RCC_RTCResetCmd                          0x08000aed   Thumb Code     8  stm32l1xx_rcc.o(.text)
    RCC_AHBPeriphClockCmd                    0x08000af5   Thumb Code    34  stm32l1xx_rcc.o(.text)
    RCC_APB2PeriphClockCmd                   0x08000b17   Thumb Code    34  stm32l1xx_rcc.o(.text)
    RCC_APB1PeriphClockCmd                   0x08000b39   Thumb Code    34  stm32l1xx_rcc.o(.text)
    RCC_AHBPeriphResetCmd                    0x08000b5b   Thumb Code    34  stm32l1xx_rcc.o(.text)
    RCC_APB2PeriphResetCmd                   0x08000b7d   Thumb Code    34  stm32l1xx_rcc.o(.text)
    RCC_APB1PeriphResetCmd                   0x08000b9f   Thumb Code    34  stm32l1xx_rcc.o(.text)
    RCC_AHBPeriphClockLPModeCmd              0x08000bc1   Thumb Code    34  stm32l1xx_rcc.o(.text)
    RCC_APB2PeriphClockLPModeCmd             0x08000be3   Thumb Code    70  stm32l1xx_rcc.o(.text)
    RCC_APB1PeriphClockLPModeCmd             0x08000c29   Thumb Code    26  stm32l1xx_rcc.o(.text)
    RCC_ITConfig                             0x08000c43   Thumb Code    38  stm32l1xx_rcc.o(.text)
    RCC_ClearFlag                            0x08000c69   Thumb Code    18  stm32l1xx_rcc.o(.text)
    RCC_GetITStatus                          0x08000c7b   Thumb Code    22  stm32l1xx_rcc.o(.text)
    RCC_ClearITPendingBit                    0x08000c91   Thumb Code     8  stm32l1xx_rcc.o(.text)
    PWR_DeInit                               0x08000c9d   Thumb Code    22  stm32l1xx_pwr.o(.text)
    PWR_RTCAccessCmd                         0x08000cb3   Thumb Code     6  stm32l1xx_pwr.o(.text)
    PWR_PVDLevelConfig                       0x08000cb9   Thumb Code    18  stm32l1xx_pwr.o(.text)
    PWR_PVDCmd                               0x08000ccb   Thumb Code     6  stm32l1xx_pwr.o(.text)
    PWR_WakeUpPinCmd                         0x08000cd1   Thumb Code    12  stm32l1xx_pwr.o(.text)
    PWR_FastWakeUpCmd                        0x08000cdd   Thumb Code     6  stm32l1xx_pwr.o(.text)
    PWR_UltraLowPowerCmd                     0x08000ce3   Thumb Code     6  stm32l1xx_pwr.o(.text)
    PWR_VoltageScalingConfig                 0x08000ce9   Thumb Code    24  stm32l1xx_pwr.o(.text)
    PWR_EnterLowPowerRunMode                 0x08000d01   Thumb Code    50  stm32l1xx_pwr.o(.text)
    PWR_EnterSleepMode                       0x08000d33   Thumb Code    42  stm32l1xx_pwr.o(.text)
    PWR_EnterSTOPMode                        0x08000d5d   Thumb Code    54  stm32l1xx_pwr.o(.text)
    PWR_EnterSTANDBYMode                     0x08000d93   Thumb Code    42  stm32l1xx_pwr.o(.text)
    PWR_GetFlagStatus                        0x08000dbd   Thumb Code    20  stm32l1xx_pwr.o(.text)
    PWR_ClearFlag                            0x08000dd1   Thumb Code    14  stm32l1xx_pwr.o(.text)
    EXTI_DeInit                              0x08000ded   Thumb Code    28  stm32l1xx_exti.o(.text)
    EXTI_Init                                0x08000e09   Thumb Code   142  stm32l1xx_exti.o(.text)
    EXTI_StructInit                          0x08000e97   Thumb Code    16  stm32l1xx_exti.o(.text)
    EXTI_GenerateSWInterrupt                 0x08000ea7   Thumb Code    16  stm32l1xx_exti.o(.text)
    EXTI_GetFlagStatus                       0x08000eb7   Thumb Code    22  stm32l1xx_exti.o(.text)
    EXTI_ClearFlag                           0x08000ecd   Thumb Code     8  stm32l1xx_exti.o(.text)
    EXTI_GetITStatus                         0x08000ed5   Thumb Code    34  stm32l1xx_exti.o(.text)
    EXTI_ClearITPendingBit                   0x08000ef7   Thumb Code     8  stm32l1xx_exti.o(.text)
    SYSCFG_DeInit                            0x08000f09   Thumb Code    20  stm32l1xx_syscfg.o(.text)
    SYSCFG_RIDeInit                          0x08000f1d   Thumb Code    28  stm32l1xx_syscfg.o(.text)
    SYSCFG_MemoryRemapConfig                 0x08000f39   Thumb Code     6  stm32l1xx_syscfg.o(.text)
    SYSCFG_USBPuCmd                          0x08000f3f   Thumb Code    30  stm32l1xx_syscfg.o(.text)
    SYSCFG_EXTILineConfig                    0x08000f5d   Thumb Code    66  stm32l1xx_syscfg.o(.text)
    SYSCFG_RITIMSelect                       0x08000f9f   Thumb Code    18  stm32l1xx_syscfg.o(.text)
    SYSCFG_RITIMInputCaptureConfig           0x08000fb1   Thumb Code    86  stm32l1xx_syscfg.o(.text)
    SYSCFG_RIResistorConfig                  0x08001007   Thumb Code    34  stm32l1xx_syscfg.o(.text)
    SYSCFG_RIIOSwitchConfig                  0x08001029   Thumb Code    80  stm32l1xx_syscfg.o(.text)
    SYSCFG_RISwitchControlModeCmd            0x08001079   Thumb Code    38  stm32l1xx_syscfg.o(.text)
    SYSCFG_RIHysteresisConfig                0x0800109f   Thumb Code   200  stm32l1xx_syscfg.o(.text)
    LCD_DeInit                               0x08001171   Thumb Code    22  stm32l1xx_lcd.o(.text)
    LCD_WaitForSynchro                       0x08001187   Thumb Code    14  stm32l1xx_lcd.o(.text)
    LCD_Init                                 0x08001195   Thumb Code    86  stm32l1xx_lcd.o(.text)
    LCD_StructInit                           0x080011eb   Thumb Code    14  stm32l1xx_lcd.o(.text)
    LCD_Cmd                                  0x080011f9   Thumb Code     6  stm32l1xx_lcd.o(.text)
    LCD_HighDriveCmd                         0x080011ff   Thumb Code     6  stm32l1xx_lcd.o(.text)
    LCD_MuxSegmentCmd                        0x08001205   Thumb Code     6  stm32l1xx_lcd.o(.text)
    LCD_PulseOnDurationConfig                0x0800120b   Thumb Code    26  stm32l1xx_lcd.o(.text)
    LCD_DeadTimeConfig                       0x08001225   Thumb Code    26  stm32l1xx_lcd.o(.text)
    LCD_BlinkConfig                          0x0800123f   Thumb Code    34  stm32l1xx_lcd.o(.text)
    LCD_ContrastConfig                       0x08001261   Thumb Code    26  stm32l1xx_lcd.o(.text)
    LCD_Write                                0x0800127b   Thumb Code    10  stm32l1xx_lcd.o(.text)
    LCD_UpdateDisplayRequest                 0x08001285   Thumb Code     8  stm32l1xx_lcd.o(.text)
    LCD_ITConfig                             0x0800128d   Thumb Code    34  stm32l1xx_lcd.o(.text)
    LCD_GetFlagStatus                        0x080012af   Thumb Code    20  stm32l1xx_lcd.o(.text)
    LCD_ClearFlag                            0x080012c3   Thumb Code     8  stm32l1xx_lcd.o(.text)
    LCD_GetITStatus                          0x080012cb   Thumb Code    38  stm32l1xx_lcd.o(.text)
    LCD_ClearITPendingBit                    0x080012f1   Thumb Code     8  stm32l1xx_lcd.o(.text)
    os_idle_demon                            0x08001309   Thumb Code     4  rtx_config.o(.text)
    os_tmr_call                              0x0800130d   Thumb Code     2  rtx_config.o(.text)
    os_error                                 0x0800130f   Thumb Code     4  rtx_config.o(.text)
    __user_perthread_libspace                0x08001313   Thumb Code    26  rtx_config.o(.text)
    _mutex_initialize                        0x0800132d   Thumb Code    38  rtx_config.o(.text)
    _mutex_acquire                           0x08001353   Thumb Code    26  rtx_config.o(.text)
    _mutex_release                           0x0800136d   Thumb Code    22  rtx_config.o(.text)
    LCD_GLASS_Clear                          0x0800139d   Thumb Code    42  stm32l_discovery_lcd.o(.text)
    LCD_GLASS_Init                           0x080013c7   Thumb Code   110  stm32l_discovery_lcd.o(.text)
    LCD_GLASS_Configure_GPIO                 0x08001435   Thumb Code   366  stm32l_discovery_lcd.o(.text)
    Delay                                    0x080015a3   Thumb Code    20  stm32l_discovery_lcd.o(.text)
    LCD_contrast                             0x080015b7   Thumb Code    52  stm32l_discovery_lcd.o(.text)
    LCD_bar                                  0x080015eb   Thumb Code    62  stm32l_discovery_lcd.o(.text)
    LCD_GLASS_WriteChar                      0x0800174d   Thumb Code  1330  stm32l_discovery_lcd.o(.text)
    LCD_GLASS_DisplayString                  0x08001c7f   Thumb Code    52  stm32l_discovery_lcd.o(.text)
    LCD_GLASS_DisplayStrDeci                 0x08001cb3   Thumb Code   108  stm32l_discovery_lcd.o(.text)
    LCD_GLASS_ScrollSentence                 0x08001d1f   Thumb Code   208  stm32l_discovery_lcd.o(.text)
    task_VAR                                 0x08001df9   Thumb Code    84  main.o(.text)
    task_LCD                                 0x08001e4d   Thumb Code    30  main.o(.text)
    task_LD                                  0x08001e6b   Thumb Code    52  main.o(.text)
    task_Init                                0x08001e9f   Thumb Code    68  main.o(.text)
    main                                     0x08001ee3   Thumb Code    38  main.o(.text)
    RCC_Configuration                        0x08001f59   Thumb Code   130  function.o(.text)
    Init_GPIOs                               0x08001fdb   Thumb Code   526  function.o(.text)
    Reset_Handler                            0x080021f9   Thumb Code     8  startup_stm32l1xx_md.o(.text)
    NMI_Handler                              0x08002201   Thumb Code     2  startup_stm32l1xx_md.o(.text)
    HardFault_Handler                        0x08002203   Thumb Code     2  startup_stm32l1xx_md.o(.text)
    MemManage_Handler                        0x08002205   Thumb Code     2  startup_stm32l1xx_md.o(.text)
    BusFault_Handler                         0x08002207   Thumb Code     2  startup_stm32l1xx_md.o(.text)
    UsageFault_Handler                       0x08002209   Thumb Code     2  startup_stm32l1xx_md.o(.text)
    DebugMon_Handler                         0x0800220d   Thumb Code     2  startup_stm32l1xx_md.o(.text)
    ADC1_IRQHandler                          0x08002213   Thumb Code     0  startup_stm32l1xx_md.o(.text)
    COMP_IRQHandler                          0x08002213   Thumb Code     0  startup_stm32l1xx_md.o(.text)
    DAC_IRQHandler                           0x08002213   Thumb Code     0  startup_stm32l1xx_md.o(.text)
    DMA1_Channel1_IRQHandler                 0x08002213   Thumb Code     0  startup_stm32l1xx_md.o(.text)
    DMA1_Channel2_IRQHandler                 0x08002213   Thumb Code     0  startup_stm32l1xx_md.o(.text)
    DMA1_Channel3_IRQHandler                 0x08002213   Thumb Code     0  startup_stm32l1xx_md.o(.text)
    DMA1_Channel4_IRQHandler                 0x08002213   Thumb Code     0  startup_stm32l1xx_md.o(.text)
    DMA1_Channel5_IRQHandler                 0x08002213   Thumb Code     0  startup_stm32l1xx_md.o(.text)
    DMA1_Channel6_IRQHandler                 0x08002213   Thumb Code     0  startup_stm32l1xx_md.o(.text)
    DMA1_Channel7_IRQHandler                 0x08002213   Thumb Code     0  startup_stm32l1xx_md.o(.text)
    EXTI0_IRQHandler                         0x08002213   Thumb Code     0  startup_stm32l1xx_md.o(.text)
    EXTI15_10_IRQHandler                     0x08002213   Thumb Code     0  startup_stm32l1xx_md.o(.text)
    EXTI1_IRQHandler                         0x08002213   Thumb Code     0  startup_stm32l1xx_md.o(.text)
    EXTI2_IRQHandler                         0x08002213   Thumb Code     0  startup_stm32l1xx_md.o(.text)
    EXTI3_IRQHandler                         0x08002213   Thumb Code     0  startup_stm32l1xx_md.o(.text)
    EXTI4_IRQHandler                         0x08002213   Thumb Code     0  startup_stm32l1xx_md.o(.text)
    EXTI9_5_IRQHandler                       0x08002213   Thumb Code     0  startup_stm32l1xx_md.o(.text)
    FLASH_IRQHandler                         0x08002213   Thumb Code     0  startup_stm32l1xx_md.o(.text)
    I2C1_ER_IRQHandler                       0x08002213   Thumb Code     0  startup_stm32l1xx_md.o(.text)
    I2C1_EV_IRQHandler                       0x08002213   Thumb Code     0  startup_stm32l1xx_md.o(.text)
    I2C2_ER_IRQHandler                       0x08002213   Thumb Code     0  startup_stm32l1xx_md.o(.text)
    I2C2_EV_IRQHandler                       0x08002213   Thumb Code     0  startup_stm32l1xx_md.o(.text)
    LCD_IRQHandler                           0x08002213   Thumb Code     0  startup_stm32l1xx_md.o(.text)
    PVD_IRQHandler                           0x08002213   Thumb Code     0  startup_stm32l1xx_md.o(.text)
    RCC_IRQHandler                           0x08002213   Thumb Code     0  startup_stm32l1xx_md.o(.text)
    RTC_Alarm_IRQHandler                     0x08002213   Thumb Code     0  startup_stm32l1xx_md.o(.text)
    RTC_WKUP_IRQHandler                      0x08002213   Thumb Code     0  startup_stm32l1xx_md.o(.text)
    SPI1_IRQHandler                          0x08002213   Thumb Code     0  startup_stm32l1xx_md.o(.text)
    SPI2_IRQHandler                          0x08002213   Thumb Code     0  startup_stm32l1xx_md.o(.text)
    TAMPER_STAMP_IRQHandler                  0x08002213   Thumb Code     0  startup_stm32l1xx_md.o(.text)
    TIM10_IRQHandler                         0x08002213   Thumb Code     0  startup_stm32l1xx_md.o(.text)
    TIM11_IRQHandler                         0x08002213   Thumb Code     0  startup_stm32l1xx_md.o(.text)
    TIM2_IRQHandler                          0x08002213   Thumb Code     0  startup_stm32l1xx_md.o(.text)
    TIM3_IRQHandler                          0x08002213   Thumb Code     0  startup_stm32l1xx_md.o(.text)
    TIM4_IRQHandler                          0x08002213   Thumb Code     0  startup_stm32l1xx_md.o(.text)
    TIM6_IRQHandler                          0x08002213   Thumb Code     0  startup_stm32l1xx_md.o(.text)
    TIM7_IRQHandler                          0x08002213   Thumb Code     0  startup_stm32l1xx_md.o(.text)
    TIM9_IRQHandler                          0x08002213   Thumb Code     0  startup_stm32l1xx_md.o(.text)
    USART1_IRQHandler                        0x08002213   Thumb Code     0  startup_stm32l1xx_md.o(.text)
    USART2_IRQHandler                        0x08002213   Thumb Code     0  startup_stm32l1xx_md.o(.text)
    USART3_IRQHandler                        0x08002213   Thumb Code     0  startup_stm32l1xx_md.o(.text)
    USB_FS_WKUP_IRQHandler                   0x08002213   Thumb Code     0  startup_stm32l1xx_md.o(.text)
    USB_HP_IRQHandler                        0x08002213   Thumb Code     0  startup_stm32l1xx_md.o(.text)
    USB_LP_IRQHandler                        0x08002213   Thumb Code     0  startup_stm32l1xx_md.o(.text)
    WWDG_IRQHandler                          0x08002213   Thumb Code     0  startup_stm32l1xx_md.o(.text)
    __user_initial_stackheap                 0x08002215   Thumb Code     0  startup_stm32l1xx_md.o(.text)
    __user_libspace                          0x08002239   Thumb Code     8  libspace.o(.text)
    __user_perproc_libspace                  0x08002239   Thumb Code     0  libspace.o(.text)
    __use_two_region_memory                  0x08002241   Thumb Code     2  heapauxi.o(.text)
    __rt_heap_escrow$2region                 0x08002243   Thumb Code     2  heapauxi.o(.text)
    __rt_heap_expand$2region                 0x08002245   Thumb Code     2  heapauxi.o(.text)
    __read_errno                             0x08002247   Thumb Code    10  _rserrno.o(.text)
    __set_errno                              0x08002251   Thumb Code    12  _rserrno.o(.text)
    __aeabi_errno_addr                       0x0800225d   Thumb Code     4  rt_errno_addr_twolibspace.o(.text)
    __errno$twolibspace                      0x0800225d   Thumb Code     0  rt_errno_addr_twolibspace.o(.text)
    __rt_errno_addr$twolibspace              0x0800225d   Thumb Code     0  rt_errno_addr_twolibspace.o(.text)
    __user_setup_stackheap                   0x08002261   Thumb Code    74  sys_stackheap_outer.o(.text)
    exit                                     0x080022ab   Thumb Code    12  exit.o(.text)
    __rt_fp_status_addr                      0x080022b7   Thumb Code    10  rt_fp_status_addr_twolibspace.o(.text)
    _sys_exit                                0x080022c1   Thumb Code     8  sys_exit.o(.text)
    __I$use$semihosting                      0x080022cd   Thumb Code     0  use_no_semi.o(.text)
    __use_no_semihosting_swi                 0x080022cd   Thumb Code     2  use_no_semi.o(.text)
    __semihosting_library_function           0x080022cf   Thumb Code     0  indicate_semi.o(.text)
    SVC_Count                                0x080022d0   Data           4  SVC_Table.o(SVC_TABLE)
    SVC_Table                                0x080022d4   Data           0  SVC_Table.o(SVC_TABLE)
    __ARM_fpclassify                         0x080022d5   Thumb Code    40  fpclassify.o(i.__ARM_fpclassify)
    __ieee754_rem_pio2                       0x080022fd   Thumb Code   828  rred.o(i.__ieee754_rem_pio2)
    __kernel_cos                             0x08002681   Thumb Code   230  cos_i.o(i.__kernel_cos)
    __kernel_poly                            0x0800277d   Thumb Code   170  poly.o(i.__kernel_poly)
    __kernel_sin                             0x08002829   Thumb Code   224  sin_i.o(i.__kernel_sin)
    __mathlib_dbl_underflow                  0x08002915   Thumb Code    10  dunder.o(i.__mathlib_dbl_underflow)
    _init_box                                0x08002925   Thumb Code    70  rt_membox.o(i._init_box)
    dbg_init                                 0x0800296d   Thumb Code    34  hal_cm3.o(i.dbg_init)
    dbg_task_notify                          0x0800299d   Thumb Code    32  hal_cm3.o(i.dbg_task_notify)
    dbg_task_switch                          0x080029bd   Thumb Code    16  hal_cm3.o(i.dbg_task_switch)
    os_tick_init                             0x080029cd   Thumb Code    32  rt_system.o(i.os_tick_init)
    os_tick_irqack                           0x080029f5   Thumb Code     2  rt_system.o(i.os_tick_irqack)
    rt_alloc_box                             0x080029f9   Thumb Code    28  rt_membox.o(i.rt_alloc_box)
    rt_block                                 0x08002a15   Thumb Code    48  rt_task.o(i.rt_block)
    rt_chk_robin                             0x08002a4d   Thumb Code    60  rt_robin.o(i.rt_chk_robin)
    rt_dec_dly                               0x08002a95   Thumb Code   106  rt_list.o(i.rt_dec_dly)
    rt_dispatch                              0x08002b09   Thumb Code    60  rt_task.o(i.rt_dispatch)
    rt_dly_wait                              0x08002b4d   Thumb Code     6  rt_time.o(i.rt_dly_wait)
    rt_evt_psh                               0x08002b55   Thumb Code    72  rt_event.o(i.rt_evt_psh)
    rt_free_box                              0x08002ba1   Thumb Code    32  rt_membox.o(i.rt_free_box)
    rt_get_first                             0x08002bc1   Thumb Code    40  rt_list.o(i.rt_get_first)
    rt_init_robin                            0x08002c2d   Thumb Code    14  rt_robin.o(i.rt_init_robin)
    rt_init_stack                            0x08002c45   Thumb Code    70  hal_cm3.o(i.rt_init_stack)
    rt_itv_set                               0x08002c95   Thumb Code    16  rt_time.o(i.rt_itv_set)
    rt_itv_wait                              0x08002cad   Thumb Code    34  rt_time.o(i.rt_itv_wait)
    rt_mbx_psh                               0x08002cd9   Thumb Code   188  rt_mailbox.o(i.rt_mbx_psh)
    rt_mut_init                              0x08002d99   Thumb Code    16  rt_mutex.o(i.rt_mut_init)
    rt_mut_release                           0x08002da9   Thumb Code   164  rt_mutex.o(i.rt_mut_release)
    rt_mut_wait                              0x08002e55   Thumb Code    96  rt_mutex.o(i.rt_mut_wait)
    rt_pop_req                               0x08002eb9   Thumb Code   106  rt_system.o(i.rt_pop_req)
    rt_put_dly                               0x08002f31   Thumb Code    68  rt_list.o(i.rt_put_dly)
    rt_put_prio                              0x08002f79   Thumb Code    54  rt_list.o(i.rt_put_prio)
    rt_put_rdy_first                         0x08002fb1   Thumb Code    14  rt_list.o(i.rt_put_rdy_first)
    rt_resort_prio                           0x08002fc5   Thumb Code    46  rt_list.o(i.rt_resort_prio)
    rt_rmv_dly                               0x08002ff9   Thumb Code    40  rt_list.o(i.rt_rmv_dly)
    rt_rmv_list                              0x08003021   Thumb Code    44  rt_list.o(i.rt_rmv_list)
    rt_sem_psh                               0x08003051   Thumb Code    46  rt_semaphore.o(i.rt_sem_psh)
    rt_stk_check                             0x08003085   Thumb Code    28  rt_system.o(i.rt_stk_check)
    rt_switch_req                            0x080030a9   Thumb Code    30  rt_task.o(i.rt_switch_req)
    rt_sys_init                              0x080030d1   Thumb Code   266  rt_task.o(i.rt_sys_init)
    rt_systick                               0x08003229   Thumb Code    48  rt_system.o(i.rt_systick)
    rt_tmr_tick                              0x08003265   Thumb Code    56  rt_timer.o(i.rt_tmr_tick)
    rt_tsk_create                            0x080032a5   Thumb Code   122  rt_task.o(i.rt_tsk_create)
    rt_tsk_delete                            0x08003335   Thumb Code   162  rt_task.o(i.rt_tsk_delete)
    rt_tsk_self                              0x080033f1   Thumb Code    12  rt_task.o(i.rt_tsk_self)
    sin                                      0x08003401   Thumb Code   166  sin.o(i.sin)
    __aeabi_dadd                             0x080034b1   Thumb Code     0  daddsub_clz.o(x$fpl$dadd)
    _dadd                                    0x080034b1   Thumb Code   332  daddsub_clz.o(x$fpl$dadd)
    __fpl_dcheck_NaN1                        0x08003601   Thumb Code    10  dcheck1.o(x$fpl$dcheck1)
    __aeabi_ddiv                             0x08003611   Thumb Code     0  ddiv.o(x$fpl$ddiv)
    _ddiv                                    0x08003611   Thumb Code   552  ddiv.o(x$fpl$ddiv)
    __aeabi_d2iz                             0x080038c1   Thumb Code     0  dfix.o(x$fpl$dfix)
    _dfix                                    0x080038c1   Thumb Code    94  dfix.o(x$fpl$dfix)
    __aeabi_i2d                              0x0800391f   Thumb Code     0  dflt_clz.o(x$fpl$dflt)
    _dflt                                    0x0800391f   Thumb Code    46  dflt_clz.o(x$fpl$dflt)
    __aeabi_ui2d                             0x0800394d   Thumb Code     0  dflt_clz.o(x$fpl$dfltu)
    _dfltu                                   0x0800394d   Thumb Code    38  dflt_clz.o(x$fpl$dfltu)
    __aeabi_dmul                             0x08003975   Thumb Code     0  dmul.o(x$fpl$dmul)
    _dmul                                    0x08003975   Thumb Code   332  dmul.o(x$fpl$dmul)
    __fpl_dnaninf                            0x08003ac9   Thumb Code   156  dnaninf.o(x$fpl$dnaninf)
    __fpl_dretinf                            0x08003b65   Thumb Code    12  dretinf.o(x$fpl$dretinf)
    __aeabi_drsub                            0x08003b71   Thumb Code     0  daddsub_clz.o(x$fpl$drsb)
    _drsb                                    0x08003b71   Thumb Code    22  daddsub_clz.o(x$fpl$drsb)
    __aeabi_dsub                             0x08003b89   Thumb Code     0  daddsub_clz.o(x$fpl$dsub)
    _dsub                                    0x08003b89   Thumb Code   464  daddsub_clz.o(x$fpl$dsub)
    _fp_init                                 0x08003d5d   Thumb Code    14  fpinit.o(x$fpl$fpinit)
    __fplib_config_pureend_doubles           0x08003d69   Thumb Code     0  fpinit.o(x$fpl$fpinit)
    __fpl_return_NaN                         0x08003d6b   Thumb Code   100  retnan.o(x$fpl$retnan)
    __ARM_scalbn                             0x08003dcf   Thumb Code    92  scalbn.o(x$fpl$scalbn)
    __fpl_cmpreturn                          0x08003e2b   Thumb Code    48  trapv.o(x$fpl$trapveneer)
    __I$use$fp                               0x08003e5b   Thumb Code     0  usenofp.o(x$fpl$usenofp)
    os_maxtaskrun                            0x08003e5c   Data           2  rtx_config.o(.constdata)
    os_stackinfo                             0x08003e60   Data           4  rtx_config.o(.constdata)
    os_rrobin                                0x08003e64   Data           4  rtx_config.o(.constdata)
    os_trv                                   0x08003e68   Data           4  rtx_config.o(.constdata)
    os_flags                                 0x08003e6c   Data           1  rtx_config.o(.constdata)
    os_clockrate                             0x08003e70   Data           4  rtx_config.o(.constdata)
    os_timernum                              0x08003e74   Data           4  rtx_config.o(.constdata)
    mp_tcb_size                              0x08003e78   Data           2  rtx_config.o(.constdata)
    mp_stk_size                              0x08003e7c   Data           4  rtx_config.o(.constdata)
    os_fifo_size                             0x08003e80   Data           1  rtx_config.o(.constdata)
    mp_tmr_size                              0x08003e82   Data           2  rtx_config.o(.constdata)
    CapLetterMap                             0x08003e84   Data          52  stm32l_discovery_lcd.o(.constdata)
    NumberMap                                0x08003eb8   Data          20  stm32l_discovery_lcd.o(.constdata)
    Region$$Table$$Base                      0x08003ff0   Number         0  anon$$obj.o(Region$$Table)
    Region$$Table$$Limit                     0x08004010   Number         0  anon$$obj.o(Region$$Table)
    SystemCoreClock                          0x20000000   Data           4  system_stm32l1xx.o(.data)
    PLLMulTable                              0x20000004   Data           9  system_stm32l1xx.o(.data)
    MSITable                                 0x2000000d   Data           7  system_stm32l1xx.o(.data)
    AHBPrescTable                            0x20000014   Data          16  system_stm32l1xx.o(.data)
    m_tmr                                    0x20000040   Data           4  rtx_config.o(.data)
    KeyPressed                               0x20000048   Data           1  stm32l_discovery_lcd.o(.data)
    t_bar                                    0x20000049   Data           2  stm32l_discovery_lcd.o(.data)
    tsk_1                                    0x2000004c   Data           4  main.o(.data)
    tsk_2                                    0x20000050   Data           4  main.o(.data)
    tsk_3                                    0x20000054   Data           4  main.o(.data)
    tsk_4                                    0x20000058   Data           4  main.o(.data)
    os_tsk                                   0x20000064   Data           8  rt_task.o(.data)
    os_time                                  0x2000006c   Data           4  rt_time.o(.data)
    dbg_msg                                  0x20000070   Data           1  hal_cm3.o(.data)
    os_tick_irqn                             0x20000078   Data           4  rt_system.o(.data)
    os_robin                                 0x2000007c   Data           8  rt_robin.o(.data)
    os_tmr                                   0x20000084   Data           8  rt_timer.o(.data)
    mp_tcb                                   0x20000090   Data         300  rtx_config.o(.bss)
    mp_stk                                   0x200001c0   Data        3600  rtx_config.o(.bss)
    os_fifo                                  0x20000fd0   Data         132  rtx_config.o(.bss)
    os_active_TCB                            0x20001054   Data          24  rtx_config.o(.bss)
    os_idle_TCB                              0x2000130c   Data          48  rt_task.o(.bss)
    os_rdy                                   0x2000133c   Data          24  rt_list.o(.bss)
    os_dly                                   0x20001354   Data          24  rt_list.o(.bss)
    __libspace_start                         0x2000136c   Data          96  libspace.o(.bss)
    __temporary_stack_top$libspace           0x200013cc   Data           0  libspace.o(.bss)



==============================================================================

Memory Map of the image

  Image Entry point : 0x080000f5

  Load Region LR_IROM1 (Base: 0x08000000, Size: 0x0000409c, Max: 0x00020000, ABSOLUTE)

    Execution Region ER_IROM1 (Base: 0x08000000, Size: 0x00004010, Max: 0x00020000, ABSOLUTE)

    Base Addr    Size         Type   Attr      Idx    E Section Name        Object

    0x08000000   0x000000f4   Data   RO          474    RESET               startup_stm32l1xx_md.o
    0x080000f4   0x00000008   Code   RO         1061  * !!!main             c_w.l(__main.o)
    0x080000fc   0x00000034   Code   RO         1289    !!!scatter          c_w.l(__scatter.o)
    0x08000130   0x0000001a   Code   RO         1291    !!handler_copy      c_w.l(__scatter_copy.o)
    0x0800014a   0x00000002   PAD
    0x0800014c   0x0000001c   Code   RO         1293    !!handler_zi        c_w.l(__scatter_zi.o)
    0x08000168   0x00000006   Code   RO         1156    .ARM.Collect$$libinit$$00000000  c_w.l(libinit.o)
    0x0800016e   0x00000000   Code   RO         1163    .ARM.Collect$$libinit$$00000006  c_w.l(libinit2.o)
    0x0800016e   0x00000000   Code   RO         1165    .ARM.Collect$$libinit$$00000008  c_w.l(libinit2.o)
    0x0800016e   0x00000000   Code   RO         1167    .ARM.Collect$$libinit$$0000000A  c_w.l(libinit2.o)
    0x0800016e   0x00000000   Code   RO         1170    .ARM.Collect$$libinit$$0000000D  c_w.l(libinit2.o)
    0x0800016e   0x00000000   Code   RO         1172    .ARM.Collect$$libinit$$0000000F  c_w.l(libinit2.o)
    0x0800016e   0x00000000   Code   RO         1174    .ARM.Collect$$libinit$$00000011  c_w.l(libinit2.o)
    0x0800016e   0x00000000   Code   RO         1176    .ARM.Collect$$libinit$$00000013  c_w.l(libinit2.o)
    0x0800016e   0x00000000   Code   RO         1178    .ARM.Collect$$libinit$$00000015  c_w.l(libinit2.o)
    0x0800016e   0x00000000   Code   RO         1180    .ARM.Collect$$libinit$$00000017  c_w.l(libinit2.o)
    0x0800016e   0x00000000   Code   RO         1182    .ARM.Collect$$libinit$$00000019  c_w.l(libinit2.o)
    0x0800016e   0x00000000   Code   RO         1184    .ARM.Collect$$libinit$$0000001B  c_w.l(libinit2.o)
    0x0800016e   0x00000000   Code   RO         1186    .ARM.Collect$$libinit$$0000001D  c_w.l(libinit2.o)
    0x0800016e   0x00000000   Code   RO         1188    .ARM.Collect$$libinit$$0000001F  c_w.l(libinit2.o)
    0x0800016e   0x00000000   Code   RO         1190    .ARM.Collect$$libinit$$00000021  c_w.l(libinit2.o)
    0x0800016e   0x00000000   Code   RO         1194    .ARM.Collect$$libinit$$00000028  c_w.l(libinit2.o)
    0x0800016e   0x00000000   Code   RO         1196    .ARM.Collect$$libinit$$0000002A  c_w.l(libinit2.o)
    0x0800016e   0x00000000   Code   RO         1198    .ARM.Collect$$libinit$$0000002C  c_w.l(libinit2.o)
    0x0800016e   0x00000000   Code   RO         1200    .ARM.Collect$$libinit$$0000002E  c_w.l(libinit2.o)
    0x0800016e   0x00000002   Code   RO         1201    .ARM.Collect$$libinit$$0000002F  c_w.l(libinit2.o)
    0x08000170   0x00000002   Code   RO         1230    .ARM.Collect$$libshutdown$$00000000  c_w.l(libshutdown.o)
    0x08000172   0x00000000   Code   RO         1244    .ARM.Collect$$libshutdown$$00000003  c_w.l(libshutdown2.o)
    0x08000172   0x00000000   Code   RO         1247    .ARM.Collect$$libshutdown$$00000006  c_w.l(libshutdown2.o)
    0x08000172   0x00000000   Code   RO         1250    .ARM.Collect$$libshutdown$$00000009  c_w.l(libshutdown2.o)
    0x08000172   0x00000000   Code   RO         1252    .ARM.Collect$$libshutdown$$0000000B  c_w.l(libshutdown2.o)
    0x08000172   0x00000000   Code   RO         1255    .ARM.Collect$$libshutdown$$0000000E  c_w.l(libshutdown2.o)
    0x08000172   0x00000002   Code   RO         1256    .ARM.Collect$$libshutdown$$0000000F  c_w.l(libshutdown2.o)
    0x08000174   0x00000000   Code   RO         1083    .ARM.Collect$$rtentry$$00000000  c_w.l(rtentry.o)
    0x08000174   0x00000000   Code   RO         1112    .ARM.Collect$$rtentry$$00000002  c_w.l(rtentry2.o)
    0x08000174   0x00000006   Code   RO         1124    .ARM.Collect$$rtentry$$00000004  c_w.l(rtentry4.o)
    0x0800017a   0x00000000   Code   RO         1114    .ARM.Collect$$rtentry$$00000009  c_w.l(rtentry2.o)
    0x0800017a   0x00000004   Code   RO         1115    .ARM.Collect$$rtentry$$0000000A  c_w.l(rtentry2.o)
    0x0800017e   0x00000000   Code   RO         1117    .ARM.Collect$$rtentry$$0000000C  c_w.l(rtentry2.o)
    0x0800017e   0x00000008   Code   RO         1118    .ARM.Collect$$rtentry$$0000000D  c_w.l(rtentry2.o)
    0x08000186   0x00000002   Code   RO         1159    .ARM.Collect$$rtexit$$00000000  c_w.l(rtexit.o)
    0x08000188   0x00000000   Code   RO         1207    .ARM.Collect$$rtexit$$00000002  c_w.l(rtexit2.o)
    0x08000188   0x00000004   Code   RO         1208    .ARM.Collect$$rtexit$$00000003  c_w.l(rtexit2.o)
    0x0800018c   0x00000006   Code   RO         1209    .ARM.Collect$$rtexit$$00000004  c_w.l(rtexit2.o)
    0x08000192   0x00000002   PAD
    0x08000194   0x00000154   Code   RO          639    .emb_text           RTX_CM3.LIB(hal_cm3.o)
    0x080002e8   0x0000026c   Code   RO            1    .text               system_stm32l1xx.o
    0x08000554   0x000000dc   Code   RO          101    .text               misc.o
    0x08000630   0x000001ec   Code   RO          147    .text               stm32l1xx_gpio.o
    0x0800081c   0x00000480   Code   RO          159    .text               stm32l1xx_rcc.o
    0x08000c9c   0x00000150   Code   RO          173    .text               stm32l1xx_pwr.o
    0x08000dec   0x0000011c   Code   RO          185    .text               stm32l1xx_exti.o
    0x08000f08   0x00000268   Code   RO          197    .text               stm32l1xx_syscfg.o
    0x08001170   0x00000198   Code   RO          209    .text               stm32l1xx_lcd.o
    0x08001308   0x00000094   Code   RO          221    .text               rtx_config.o
    0x0800139c   0x00000a5c   Code   RO          245    .text               stm32l_discovery_lcd.o
    0x08001df8   0x00000160   Code   RO          429    .text               main.o
    0x08001f58   0x000002a0   Code   RO          460    .text               function.o
    0x080021f8   0x00000040   Code   RO          475    .text               startup_stm32l1xx_md.o
    0x08002238   0x00000008   Code   RO         1056    .text               c_w.l(libspace.o)
    0x08002240   0x00000006   Code   RO         1059    .text               c_w.l(heapauxi.o)
    0x08002246   0x00000016   Code   RO         1084    .text               c_w.l(_rserrno.o)
    0x0800225c   0x00000004   Code   RO         1131    .text               c_w.l(rt_errno_addr_twolibspace.o)
    0x08002260   0x0000004a   Code   RO         1147    .text               c_w.l(sys_stackheap_outer.o)
    0x080022aa   0x0000000c   Code   RO         1149    .text               c_w.l(exit.o)
    0x080022b6   0x0000000a   Code   RO         1218    .text               c_w.l(rt_fp_status_addr_twolibspace.o)
    0x080022c0   0x0000000c   Code   RO         1222    .text               c_w.l(sys_exit.o)
    0x080022cc   0x00000002   Code   RO         1233    .text               c_w.l(use_no_semi.o)
    0x080022ce   0x00000000   Code   RO         1235    .text               c_w.l(indicate_semi.o)
    0x080022ce   0x00000002   PAD
    0x080022d0   0x00000004   Code   RO          898    SVC_TABLE           RTX_CM3.LIB(SVC_Table.o)
    0x080022d4   0x00000028   Code   RO         1143    i.__ARM_fpclassify  m_ws.l(fpclassify.o)
    0x080022fc   0x00000384   Code   RO         1100    i.__ieee754_rem_pio2  m_ws.l(rred.o)
    0x08002680   0x000000fc   Code   RO         1097    i.__kernel_cos      m_ws.l(cos_i.o)
    0x0800277c   0x000000aa   Code   RO         1145    i.__kernel_poly     m_ws.l(poly.o)
    0x08002826   0x00000002   PAD
    0x08002828   0x000000ec   Code   RO         1105    i.__kernel_sin      m_ws.l(sin_i.o)
    0x08002914   0x00000010   Code   RO         1141    i.__mathlib_dbl_underflow  m_ws.l(dunder.o)
    0x08002924   0x00000046   Code   RO          865    i._init_box         RTX_CM3.LIB(rt_membox.o)
    0x0800296a   0x00000002   PAD
    0x0800296c   0x00000030   Code   RO          640    i.dbg_init          RTX_CM3.LIB(hal_cm3.o)
    0x0800299c   0x00000020   Code   RO          641    i.dbg_task_notify   RTX_CM3.LIB(hal_cm3.o)
    0x080029bc   0x00000010   Code   RO          642    i.dbg_task_switch   RTX_CM3.LIB(hal_cm3.o)
    0x080029cc   0x00000028   Code   RO          681    i.os_tick_init      RTX_CM3.LIB(rt_system.o)
    0x080029f4   0x00000002   Code   RO          682    i.os_tick_irqack    RTX_CM3.LIB(rt_system.o)
    0x080029f6   0x00000002   PAD
    0x080029f8   0x0000001c   Code   RO          866    i.rt_alloc_box      RTX_CM3.LIB(rt_membox.o)
    0x08002a14   0x00000038   Code   RO          479    i.rt_block          RTX_CM3.LIB(rt_task.o)
    0x08002a4c   0x00000048   Code   RO          843    i.rt_chk_robin      RTX_CM3.LIB(rt_robin.o)
    0x08002a94   0x00000074   Code   RO          764    i.rt_dec_dly        RTX_CM3.LIB(rt_list.o)
    0x08002b08   0x00000044   Code   RO          480    i.rt_dispatch       RTX_CM3.LIB(rt_task.o)
    0x08002b4c   0x00000006   Code   RO          578    i.rt_dly_wait       RTX_CM3.LIB(rt_time.o)
    0x08002b52   0x00000002   PAD
    0x08002b54   0x0000004c   Code   RO          904    i.rt_evt_psh        RTX_CM3.LIB(rt_event.o)
    0x08002ba0   0x00000020   Code   RO          867    i.rt_free_box       RTX_CM3.LIB(rt_membox.o)
    0x08002bc0   0x00000028   Code   RO          765    i.rt_get_first      RTX_CM3.LIB(rt_list.o)
    0x08002be8   0x00000044   Code   RO          481    i.rt_init_context   RTX_CM3.LIB(rt_task.o)
    0x08002c2c   0x00000018   Code   RO          844    i.rt_init_robin     RTX_CM3.LIB(rt_robin.o)
    0x08002c44   0x00000050   Code   RO          643    i.rt_init_stack     RTX_CM3.LIB(hal_cm3.o)
    0x08002c94   0x00000018   Code   RO          579    i.rt_itv_set        RTX_CM3.LIB(rt_time.o)
    0x08002cac   0x0000002c   Code   RO          580    i.rt_itv_wait       RTX_CM3.LIB(rt_time.o)
    0x08002cd8   0x000000c0   Code   RO          947    i.rt_mbx_psh        RTX_CM3.LIB(rt_mailbox.o)
    0x08002d98   0x00000010   Code   RO          615    i.rt_mut_init       RTX_CM3.LIB(rt_mutex.o)
    0x08002da8   0x000000ac   Code   RO          616    i.rt_mut_release    RTX_CM3.LIB(rt_mutex.o)
    0x08002e54   0x00000064   Code   RO          617    i.rt_mut_wait       RTX_CM3.LIB(rt_mutex.o)
    0x08002eb8   0x00000078   Code   RO          683    i.rt_pop_req        RTX_CM3.LIB(rt_system.o)
    0x08002f30   0x00000048   Code   RO          768    i.rt_put_dly        RTX_CM3.LIB(rt_list.o)
    0x08002f78   0x00000036   Code   RO          769    i.rt_put_prio       RTX_CM3.LIB(rt_list.o)
    0x08002fae   0x00000002   PAD
    0x08002fb0   0x00000014   Code   RO          770    i.rt_put_rdy_first  RTX_CM3.LIB(rt_list.o)
    0x08002fc4   0x00000034   Code   RO          771    i.rt_resort_prio    RTX_CM3.LIB(rt_list.o)
    0x08002ff8   0x00000028   Code   RO          772    i.rt_rmv_dly        RTX_CM3.LIB(rt_list.o)
    0x08003020   0x00000030   Code   RO          773    i.rt_rmv_list       RTX_CM3.LIB(rt_list.o)
    0x08003050   0x00000034   Code   RO          993    i.rt_sem_psh        RTX_CM3.LIB(rt_semaphore.o)
    0x08003084   0x00000024   Code   RO          686    i.rt_stk_check      RTX_CM3.LIB(rt_system.o)
    0x080030a8   0x00000028   Code   RO          482    i.rt_switch_req     RTX_CM3.LIB(rt_task.o)
    0x080030d0   0x00000158   Code   RO          483    i.rt_sys_init       RTX_CM3.LIB(rt_task.o)
    0x08003228   0x0000003c   Code   RO          688    i.rt_systick        RTX_CM3.LIB(rt_system.o)
    0x08003264   0x00000040   Code   RO         1029    i.rt_tmr_tick       RTX_CM3.LIB(rt_timer.o)
    0x080032a4   0x00000090   Code   RO          484    i.rt_tsk_create     RTX_CM3.LIB(rt_task.o)
    0x08003334   0x000000bc   Code   RO          485    i.rt_tsk_delete     RTX_CM3.LIB(rt_task.o)
    0x080033f0   0x00000010   Code   RO          488    i.rt_tsk_self       RTX_CM3.LIB(rt_task.o)
    0x08003400   0x000000b0   Code   RO         1076    i.sin               m_ws.l(sin.o)
    0x080034b0   0x00000150   Code   RO         1133    x$fpl$dadd          fz_ws.l(daddsub_clz.o)
    0x08003600   0x00000010   Code   RO         1139    x$fpl$dcheck1       fz_ws.l(dcheck1.o)
    0x08003610   0x000002b0   Code   RO         1087    x$fpl$ddiv          fz_ws.l(ddiv.o)
    0x080038c0   0x0000005e   Code   RO         1063    x$fpl$dfix          fz_ws.l(dfix.o)
    0x0800391e   0x0000002e   Code   RO         1068    x$fpl$dflt          fz_ws.l(dflt_clz.o)
    0x0800394c   0x00000026   Code   RO         1067    x$fpl$dfltu         fz_ws.l(dflt_clz.o)
    0x08003972   0x00000002   PAD
    0x08003974   0x00000154   Code   RO         1073    x$fpl$dmul          fz_ws.l(dmul.o)
    0x08003ac8   0x0000009c   Code   RO         1090    x$fpl$dnaninf       fz_ws.l(dnaninf.o)
    0x08003b64   0x0000000c   Code   RO         1092    x$fpl$dretinf       fz_ws.l(dretinf.o)
    0x08003b70   0x00000016   Code   RO         1134    x$fpl$drsb          fz_ws.l(daddsub_clz.o)
    0x08003b86   0x00000002   PAD
    0x08003b88   0x000001d4   Code   RO         1135    x$fpl$dsub          fz_ws.l(daddsub_clz.o)
    0x08003d5c   0x0000000e   Code   RO         1202    x$fpl$fpinit        fz_ws.l(fpinit.o)
    0x08003d6a   0x00000064   Code   RO         1157    x$fpl$retnan        fz_ws.l(retnan.o)
    0x08003dce   0x0000005c   Code   RO         1094    x$fpl$scalbn        fz_ws.l(scalbn.o)
    0x08003e2a   0x00000030   Code   RO         1204    x$fpl$trapveneer    fz_ws.l(trapv.o)
    0x08003e5a   0x00000000   Code   RO         1096    x$fpl$usenofp       fz_ws.l(usenofp.o)
    0x08003e5a   0x00000002   PAD
    0x08003e5c   0x00000028   Data   RO          223    .constdata          rtx_config.o
    0x08003e84   0x00000048   Data   RO          246    .constdata          stm32l_discovery_lcd.o
    0x08003ecc   0x00000004   PAD
    0x08003ed0   0x00000030   Data   RO         1098    .constdata          m_ws.l(cos_i.o)
    0x08003f00   0x000000c8   Data   RO         1102    .constdata          m_ws.l(rred.o)
    0x08003fc8   0x00000028   Data   RO         1106    .constdata          m_ws.l(sin_i.o)
    0x08003ff0   0x00000020   Data   RO         1287    Region$$Table       anon$$obj.o


    Execution Region RW_IRAM1 (Base: 0x20000000, Size: 0x000019d0, Max: 0x00004000, ABSOLUTE)

    Base Addr    Size         Type   Attr      Idx    E Section Name        Object

    0x20000000   0x00000024   Data   RW            2    .data               system_stm32l1xx.o
    0x20000024   0x00000019   Data   RW          160    .data               stm32l1xx_rcc.o
    0x2000003d   0x00000003   PAD
    0x20000040   0x00000008   Data   RW          224    .data               rtx_config.o
    0x20000048   0x00000003   Data   RW          247    .data               stm32l_discovery_lcd.o
    0x2000004b   0x00000001   PAD
    0x2000004c   0x00000018   Data   RW          430    .data               main.o
    0x20000064   0x00000008   Data   RW          490    .data               RTX_CM3.LIB(rt_task.o)
    0x2000006c   0x00000004   Data   RW          582    .data               RTX_CM3.LIB(rt_time.o)
    0x20000070   0x00000001   Data   RW          644    .data               RTX_CM3.LIB(hal_cm3.o)
    0x20000071   0x00000003   PAD
    0x20000074   0x00000008   Data   RW          691    .data               RTX_CM3.LIB(rt_system.o)
    0x2000007c   0x00000008   Data   RW          845    .data               RTX_CM3.LIB(rt_robin.o)
    0x20000084   0x00000008   Data   RW         1030    .data               RTX_CM3.LIB(rt_timer.o)
    0x2000008c   0x00000004   PAD
    0x20000090   0x0000127c   Zero   RW          222    .bss                rtx_config.o
    0x2000130c   0x00000030   Zero   RW          489    .bss                RTX_CM3.LIB(rt_task.o)
    0x2000133c   0x00000030   Zero   RW          774    .bss                RTX_CM3.LIB(rt_list.o)
    0x2000136c   0x00000060   Zero   RW         1057    .bss                c_w.l(libspace.o)
    0x200013cc   0x00000004   PAD
    0x200013d0   0x00000200   Zero   RW          473    HEAP                startup_stm32l1xx_md.o
    0x200015d0   0x00000400   Zero   RW          472    STACK               startup_stm32l1xx_md.o


==============================================================================

Image component sizes


      Code (inc. data)   RO Data    RW Data    ZI Data      Debug   Object Name

         0          0          0          0          0         32   core_cm3.o
       672         16          0          0          0        939   function.o
       352         80          0         24          0       7837   main.o
       220         20          0          0          0     143825   misc.o
       148         26         40          8       4732       9549   rtx_config.o
        64         26        244          0       1536        700   startup_stm32l1xx_md.o
         0          0          0          0          0      16635   stm32_tsl_api.o
       284         10          0          0          0       2043   stm32l1xx_exti.o
       492         24          0          0          0       3505   stm32l1xx_gpio.o
       408         16          0          0          0       4269   stm32l1xx_lcd.o
       336         14          0          0          0       3804   stm32l1xx_pwr.o
      1152         40          0         25          0       8903   stm32l1xx_rcc.o
       616         10          0          0          0       2737   stm32l1xx_syscfg.o
      2652         66         72          3          0       4433   stm32l_discovery_lcd.o
       620         50          0         36          0      28510   system_stm32l1xx.o

    ----------------------------------------------------------------------
      8016        398        392        100       6268     237721   Object Totals
         0          0         32          0          0          0   (incl. Generated)
         0          0          4          4          0          0   (incl. Padding)

    ----------------------------------------------------------------------

      Code (inc. data)   RO Data    RW Data    ZI Data      Debug   Library Member Name

         4          4          0          0          0        136   SVC_Table.o
       516         56          0          1          0       2653   hal_cm3.o
        76          4          0          0          0        593   rt_event.o
       442         30          0          0         48       4310   rt_list.o
       192          4          0          0          0        737   rt_mailbox.o
       130          0          0          0          0       1705   rt_membox.o
       288         12          0          0          0       1745   rt_mutex.o
        96         22          0          8          0        970   rt_robin.o
        52          6          0          0          0        513   rt_semaphore.o
       258         42          0          8          0       2578   rt_system.o
       924        160          0          8         48       7164   rt_task.o
        74         18          0          4          0       1307   rt_time.o
        64          8          0          8          0        603   rt_timer.o
         8          0          0          0          0         68   __main.o
        52          8          0          0          0          0   __scatter.o
        26          0          0          0          0          0   __scatter_copy.o
        28          0          0          0          0          0   __scatter_zi.o
        22          0          0          0          0        100   _rserrno.o
        12          0          0          0          0         72   exit.o
         6          0          0          0          0        152   heapauxi.o
         0          0          0          0          0          0   indicate_semi.o
         6          0          0          0          0          0   libinit.o
         2          0          0          0          0          0   libinit2.o
         2          0          0          0          0          0   libshutdown.o
         2          0          0          0          0          0   libshutdown2.o
         8          4          0          0         96         68   libspace.o
         4          0          0          0          0         68   rt_errno_addr_twolibspace.o
        10          0          0          0          0         76   rt_fp_status_addr_twolibspace.o
         0          0          0          0          0          0   rtentry.o
        12          0          0          0          0          0   rtentry2.o
         6          0          0          0          0          0   rtentry4.o
         2          0          0          0          0          0   rtexit.o
        10          0          0          0          0          0   rtexit2.o
        12          4          0          0          0         68   sys_exit.o
        74          0          0          0          0         80   sys_stackheap_outer.o
         2          0          0          0          0         68   use_no_semi.o
       826         16          0          0          0        356   daddsub_clz.o
        16          4          0          0          0         68   dcheck1.o
       688        140          0          0          0        212   ddiv.o
        94          4          0          0          0         92   dfix.o
        84          0          0          0          0        136   dflt_clz.o
       340         12          0          0          0        104   dmul.o
       156          4          0          0          0         92   dnaninf.o
        12          0          0          0          0         68   dretinf.o
        14          0          0          0          0         76   fpinit.o
       100          0          0          0          0         68   retnan.o
        92          0          0          0          0         68   scalbn.o
        48          0          0          0          0         68   trapv.o
         0          0          0          0          0          0   usenofp.o
       252         22         48          0          0        128   cos_i.o
        16          6          0          0          0         68   dunder.o
        40          0          0          0          0         68   fpclassify.o
       170          0          0          0          0         96   poly.o
       900         72        200          0          0        140   rred.o
       176         10          0          0          0        120   sin.o
       236         12         40          0          0        132   sin_i.o

    ----------------------------------------------------------------------
      7704        684        288         40        200      27994   Library Totals
        22          0          0          3          8          0   (incl. Padding)

    ----------------------------------------------------------------------

      Code (inc. data)   RO Data    RW Data    ZI Data      Debug   Library Name

      3116        366          0         37         96      25014   RTX_CM3.LIB
       306         16          0          0         96        820   c_w.l
      2470        180          0          0          0       1408   fz_ws.l
      1790        122        288          0          0        752   m_ws.l

    ----------------------------------------------------------------------
      7704        684        288         40        200      27994   Library Totals

    ----------------------------------------------------------------------

==============================================================================


      Code (inc. data)   RO Data    RW Data    ZI Data      Debug   

     15720       1082        680        140       6468     260775   Grand Totals
     15720       1082        680        140       6468     260775   ELF Image Totals
     15720       1082        680        140          0          0   ROM Totals

==============================================================================

    Total RO  Size (Code + RO Data)                16400 (  16.02kB)
    Total RW  Size (RW Data + ZI Data)              6608 (   6.45kB)
    Total ROM Size (Code + RO Data + RW Data)      16540 (  16.15kB)

==============================================================================

